Archive member included to satisfy reference by file (symbol)

app/libapp.a(main.c.obj)      (--whole-archive)
zephyr/libzephyr.a(cbprintf_packaged.c.obj)
                              (--whole-archive)
zephyr/libzephyr.a(crc32c_sw.c.obj)
                              (--whole-archive)
zephyr/libzephyr.a(crc32_sw.c.obj)
                              (--whole-archive)
zephyr/libzephyr.a(crc16_sw.c.obj)
                              (--whole-archive)
zephyr/libzephyr.a(crc8_sw.c.obj)
                              (--whole-archive)
zephyr/libzephyr.a(crc7_sw.c.obj)
                              (--whole-archive)
zephyr/libzephyr.a(dec.c.obj)
                              (--whole-archive)
zephyr/libzephyr.a(fdtable.c.obj)
                              (--whole-archive)
zephyr/libzephyr.a(hex.c.obj)
                              (--whole-archive)
zephyr/libzephyr.a(notify.c.obj)
                              (--whole-archive)
zephyr/libzephyr.a(printk.c.obj)
                              (--whole-archive)
zephyr/libzephyr.a(onoff.c.obj)
                              (--whole-archive)
zephyr/libzephyr.a(rb.c.obj)  (--whole-archive)
zephyr/libzephyr.a(sem.c.obj)
                              (--whole-archive)
zephyr/libzephyr.a(thread_entry.c.obj)
                              (--whole-archive)
zephyr/libzephyr.a(timeutil.c.obj)
                              (--whole-archive)
zephyr/libzephyr.a(heap.c.obj)
                              (--whole-archive)
zephyr/libzephyr.a(heap-validate.c.obj)
                              (--whole-archive)
zephyr/libzephyr.a(bitarray.c.obj)
                              (--whole-archive)
zephyr/libzephyr.a(multi_heap.c.obj)
                              (--whole-archive)
zephyr/libzephyr.a(cbprintf_complete.c.obj)
                              (--whole-archive)
zephyr/libzephyr.a(cbprintf.c.obj)
                              (--whole-archive)
zephyr/libzephyr.a(assert.c.obj)
                              (--whole-archive)
zephyr/libzephyr.a(reboot.c.obj)
                              (--whole-archive)
zephyr/libzephyr.a(configs.c.obj)
                              (--whole-archive)
zephyr/libzephyr.a(soc_nrf_common.S.obj)
                              (--whole-archive)
zephyr/libzephyr.a(validate_base_addresses.c.obj)
                              (--whole-archive)
zephyr/libzephyr.a(validate_enabled_instances.c.obj)
                              (--whole-archive)
zephyr/libzephyr.a(pm.c.obj)  (--whole-archive)
zephyr/libzephyr.a(policy.c.obj)
                              (--whole-archive)
zephyr/libzephyr.a(state.c.obj)
                              (--whole-archive)
zephyr/libzephyr.a(tracing_none.c.obj)
                              (--whole-archive)
zephyr/libzephyr.a(nrf_cc3xx_platform_abort_zephyr.c.obj)
                              (--whole-archive)
zephyr/libzephyr.a(nrf_cc3xx_platform_mutex_zephyr.c.obj)
                              (--whole-archive)
zephyr/arch/common/libarch__common.a(sw_isr_common.c.obj)
                              (--whole-archive)
zephyr/arch/arch/arm/core/aarch32/libarch__arm__core__aarch32.a(cpu_idle.S.obj)
                              (--whole-archive)
zephyr/arch/arch/arm/core/aarch32/libarch__arm__core__aarch32.a(fatal.c.obj)
                              (--whole-archive)
zephyr/arch/arch/arm/core/aarch32/libarch__arm__core__aarch32.a(irq_manage.c.obj)
                              (--whole-archive)
zephyr/arch/arch/arm/core/aarch32/libarch__arm__core__aarch32.a(nmi.c.obj)
                              (--whole-archive)
zephyr/arch/arch/arm/core/aarch32/libarch__arm__core__aarch32.a(nmi_on_reset.S.obj)
                              (--whole-archive)
zephyr/arch/arch/arm/core/aarch32/libarch__arm__core__aarch32.a(prep_c.c.obj)
                              (--whole-archive)
zephyr/arch/arch/arm/core/aarch32/libarch__arm__core__aarch32.a(swap.c.obj)
                              (--whole-archive)
zephyr/arch/arch/arm/core/aarch32/libarch__arm__core__aarch32.a(swap_helper.S.obj)
                              (--whole-archive)
zephyr/arch/arch/arm/core/aarch32/libarch__arm__core__aarch32.a(thread.c.obj)
                              (--whole-archive)
zephyr/arch/arch/arm/core/aarch32/libarch__arm__core__aarch32.a(isr_wrapper.S.obj)
                              (--whole-archive)
zephyr/arch/arch/arm/core/aarch32/cortex_m/libarch__arm__core__aarch32__cortex_m.a(exc_exit.S.obj)
                              (--whole-archive)
zephyr/arch/arch/arm/core/aarch32/cortex_m/libarch__arm__core__aarch32__cortex_m.a(fault.c.obj)
                              (--whole-archive)
zephyr/arch/arch/arm/core/aarch32/cortex_m/libarch__arm__core__aarch32__cortex_m.a(fault_s.S.obj)
                              (--whole-archive)
zephyr/arch/arch/arm/core/aarch32/cortex_m/libarch__arm__core__aarch32__cortex_m.a(fpu.c.obj)
                              (--whole-archive)
[...]
Memory Configuration

Name             Origin             Length             Attributes
FLASH            0x0000000000000000 0x0000000000100000 xr
SRAM             0x0000000020000000 0x0000000000040000 xw
IDT_LIST         0x00000000fffff7ff 0x0000000000000800 xw
*default*        0x0000000000000000 0xffffffffffffffff

Linker script and memory map

LOAD zephyr/CMakeFiles/zephyr_final.dir/misc/empty_file.c.obj
LOAD zephyr/CMakeFiles/zephyr_final.dir/dev_handles.c.obj
LOAD zephyr/CMakeFiles/zephyr_final.dir/isr_tables.c.obj
                0x0000000000000020                _region_min_align = 0x20

.rel.plt        0x0000000000000000        0x0
 *(SORT_BY_ALIGNMENT(.rel.plt))
                [!provide]                        PROVIDE (__rel_iplt_start = .)
 *(SORT_BY_ALIGNMENT(.rel.iplt))
 .rel.iplt      0x0000000000000000        0x0 zephyr/CMakeFiles/zephyr_final.dir/isr_tables.c.obj
                [!provide]                        PROVIDE (__rel_iplt_end = .)

.rela.plt       0x0000000000000000        0x0
 *(SORT_BY_ALIGNMENT(.rela.plt))
                [!provide]                        PROVIDE (__rela_iplt_start = .)
 *(SORT_BY_ALIGNMENT(.rela.iplt))
                [!provide]                        PROVIDE (__rela_iplt_end = .)

.rel.dyn
 *(SORT_BY_ALIGNMENT(.rel.*))

.rela.dyn
 *(SORT_BY_ALIGNMENT(.rela.*))

/DISCARD/
 *(SORT_BY_ALIGNMENT(.plt))
 *(SORT_BY_ALIGNMENT(.iplt))
 *(SORT_BY_ALIGNMENT(.got.plt))
 *(SORT_BY_ALIGNMENT(.igot.plt))
 *(SORT_BY_ALIGNMENT(.got))
 *(SORT_BY_ALIGNMENT(.igot))
 *(SORT_BY_ALIGNMENT(.irq_info*))
 *(SORT_BY_ALIGNMENT(.intList*))
 *(SORT_BY_ALIGNMENT(.note.GNU-stack))
                0x0000000000000000                __rom_region_start = 0x0

rom_start       0x0000000000000000      0x100
                0x0000000000000000                . = 0x0
                0x0000000000000000                . = ALIGN (0x4)
                0x0000000000000000                . = ALIGN (0x80)
                0x0000000000000000                . = ALIGN (0x100)
                0x0000000000000000                _vector_start = .
 *(SORT_BY_ALIGNMENT(.exc_vector_table))
 *(SORT_BY_ALIGNMENT(.exc_vector_table.*))
 .exc_vector_table._vector_table_section
                0x0000000000000000       0x40 zephyr/arch/arch/arm/core/aarch32/cortex_m/libarch__arm__core__aarch32__cortex_m.a(vector_table.S.obj)
                0x0000000000000000                _vector_table
 *(SORT_BY_ALIGNMENT(.vectors))
                0x0000000000000100                _vector_end = .
                0x0000000000000040                . = ALIGN (0x4)
 *(SORT_BY_ALIGNMENT(.gnu.linkonce.irq_vector_table*))
 .gnu.linkonce.irq_vector_table
                0x0000000000000040       0xc0 zephyr/CMakeFiles/zephyr_final.dir/isr_tables.c.obj
                0x0000000000000040                _irq_vector_table
                0x0000000000000100                _vector_end = .

text            0x0000000000000100     0x504c
                0x0000000000000100                __text_region_start = .
 *(SORT_BY_ALIGNMENT(.text))
 .text          0x0000000000000100       0x30 /opt/nordic/ncs/toolchains/v2.1.2/opt/zephyr-sdk/arm-zephyr-eabi/bin/../lib/gcc/arm-zephyr-eabi/10.3.0/thumb/v7e-m/nofp/libgcc.a(_aeabi_uldivmod.o)
                0x0000000000000100                __aeabi_uldivmod
 .text          0x0000000000000130        0x4 /opt/nordic/ncs/toolchains/v2.1.2/opt/zephyr-sdk/arm-zephyr-eabi/bin/../lib/gcc/arm-zephyr-eabi/10.3.0/thumb/v7e-m/nofp/libgcc.a(_dvmd_tls.o)
                0x0000000000000130                __aeabi_ldiv0
                0x0000000000000130                __aeabi_idiv0
 .text          0x0000000000000134      0x2a6 /opt/nordic/ncs/toolchains/v2.1.2/opt/zephyr-sdk/arm-zephyr-eabi/bin/../lib/gcc/arm-zephyr-eabi/10.3.0/thumb/v7e-m/nofp/libgcc.a(_udivmoddi4.o)
                0x0000000000000134                __udivmoddi4
 *(SORT_BY_ALIGNMENT(.text.*))
 *fill*         0x00000000000003da        0x2 
 .text.main     0x00000000000003dc        0xc app/libapp.a(main.c.obj)
                0x00000000000003dc                main
 .text.char_out
                0x00000000000003e8        0xc zephyr/libzephyr.a(printk.c.obj)
 .text.__printk_hook_install
                0x00000000000003f4        0xc zephyr/libzephyr.a(printk.c.obj)
                0x00000000000003f4                __printk_hook_install
 .text.vprintk  0x0000000000000400       0x1c zephyr/libzephyr.a(printk.c.obj)
                0x0000000000000400                vprintk
 .text.process_event
                0x000000000000041c      0x1c0 zephyr/libzephyr.a(onoff.c.obj)
 .text.z_cbvprintf_impl
                0x00000000000005dc      0x78c zephyr/libzephyr.a(cbprintf_complete.c.obj)
                0x00000000000005dc                z_cbvprintf_impl
 .text.sys_reboot
                0x0000000000000d68       0x28 zephyr/libzephyr.a(reboot.c.obj)
                0x0000000000000d68                sys_reboot
 .text.z_arm_platform_init
                0x0000000000000d90        0x4 zephyr/libzephyr.a(soc_nrf_common.S.obj)
                0x0000000000000d90                z_arm_platform_init
 .text.pm_state_notify
                0x0000000000000d94       0x5c zephyr/libzephyr.a(pm.c.obj)
 .text.pm_system_resume
                0x0000000000000df0       0x7c zephyr/libzephyr.a(pm.c.obj)
                0x0000000000000df0                pm_system_resume
 .text.pm_system_suspend
                0x0000000000000e6c       0xf0 zephyr/libzephyr.a(pm.c.obj)
                0x0000000000000e6c                pm_system_suspend
 .text.pm_policy_next_state
                0x0000000000000f5c       0x90 zephyr/libzephyr.a(policy.c.obj)
                0x0000000000000f5c                pm_policy_next_state
 .text.pm_state_cpu_get_all
                0x0000000000000fec       0x10 zephyr/libzephyr.a(state.c.obj)
                0x0000000000000fec                pm_state_cpu_get_all
 .text.nrf_cc3xx_platform_abort_init
                0x0000000000000ffc        0xc zephyr/libzephyr.a(nrf_cc3xx_platform_abort_zephyr.c.obj)
                0x0000000000000ffc                nrf_cc3xx_platform_abort_init
 .text.mutex_free_platform
                0x0000000000001008       0x48 zephyr/libzephyr.a(nrf_cc3xx_platform_mutex_zephyr.c.obj)
 .text.mutex_lock_platform
                0x0000000000001050       0x58 zephyr/libzephyr.a(nrf_cc3xx_platform_mutex_zephyr.c.obj)
 .text.mutex_unlock_platform
                0x00000000000010a8       0x4c zephyr/libzephyr.a(nrf_cc3xx_platform_mutex_zephyr.c.obj)
 .text.mutex_init_platform
                0x00000000000010f4       0x70 zephyr/libzephyr.a(nrf_cc3xx_platform_mutex_zephyr.c.obj)
 .text.nrf_cc3xx_platform_mutex_init
                0x0000000000001164       0x2c zephyr/libzephyr.a(nrf_cc3xx_platform_mutex_zephyr.c.obj)
                0x0000000000001164                nrf_cc3xx_platform_mutex_init
 .text.z_arm_cpu_idle_init
                0x0000000000001190        0xc zephyr/arch/arch/arm/core/aarch32/libarch__arm__core__aarch32.a(cpu_idle.S.obj)
                0x0000000000001190                z_arm_cpu_idle_init
 .text.arch_cpu_idle
                0x000000000000119c       0x1c zephyr/arch/arch/arm/core/aarch32/libarch__arm__core__aarch32.a(cpu_idle.S.obj)
                0x000000000000119c                arch_cpu_idle
 .text.arch_cpu_atomic_idle
                0x00000000000011b8       0x14 zephyr/arch/arch/arm/core/aarch32/libarch__arm__core__aarch32.a(cpu_idle.S.obj)
                0x00000000000011b8                arch_cpu_atomic_idle
 .text.arch_irq_enable
                0x00000000000011cc       0x20 zephyr/arch/arch/arm/core/aarch32/libarch__arm__core__aarch32.a(irq_manage.c.obj)
                0x00000000000011cc                arch_irq_enable
 .text.arch_irq_is_enabled
                0x00000000000011ec       0x1c zephyr/arch/arch/arm/core/aarch32/libarch__arm__core__aarch32.a(irq_manage.c.obj)
                0x00000000000011ec                arch_irq_is_enabled
 .text.z_arm_irq_priority_set
                0x0000000000001208       0x30 zephyr/arch/arch/arm/core/aarch32/libarch__arm__core__aarch32.a(irq_manage.c.obj)
                0x0000000000001208                z_arm_irq_priority_set
 .text.z_SysNmiOnReset
                0x0000000000001238        0x8 zephyr/arch/arch/arm/core/aarch32/libarch__arm__core__aarch32.a(nmi_on_reset.S.obj)
                0x0000000000001238                z_SysNmiOnReset
 .text.z_arm_prep_c
                0x0000000000001240       0x38 zephyr/arch/arch/arm/core/aarch32/libarch__arm__core__aarch32.a(prep_c.c.obj)
                0x0000000000001240                z_arm_prep_c
 .text.arch_swap
                0x0000000000001278       0x34 zephyr/arch/arch/arm/core/aarch32/libarch__arm__core__aarch32.a(swap.c.obj)
                0x0000000000001278                arch_swap
 .text.z_arm_pendsv
                0x00000000000012ac       0x54 zephyr/arch/arch/arm/core/aarch32/libarch__arm__core__aarch32.a(swap_helper.S.obj)
                0x00000000000012ac                z_arm_pendsv
 .text.z_arm_svc
                0x0000000000001300       0x20 zephyr/arch/arch/arm/core/aarch32/libarch__arm__core__aarch32.a(swap_helper.S.obj)
                0x0000000000001300                z_arm_svc
 .text.arch_new_thread
                0x0000000000001320       0x38 zephyr/arch/arch/arm/core/aarch32/libarch__arm__core__aarch32.a(thread.c.obj)
                0x0000000000001320                arch_new_thread
 .text.z_check_thread_stack_fail
                0x0000000000001358       0x2c zephyr/arch/arch/arm/core/aarch32/libarch__arm__core__aarch32.a(thread.c.obj)
                0x0000000000001358                z_check_thread_stack_fail
 .text.arch_switch_to_main_thread
                0x0000000000001384       0x2c zephyr/arch/arch/arm/core/aarch32/libarch__arm__core__aarch32.a(thread.c.obj)
                0x0000000000001384                arch_switch_to_main_thread
 .text._isr_wrapper
                0x00000000000013b0       0x40 zephyr/arch/arch/arm/core/aarch32/libarch__arm__core__aarch32.a(isr_wrapper.S.obj)
                0x00000000000013b0                _isr_wrapper
 .text._HandlerModeExit
                0x00000000000013f0       0x1c zephyr/arch/arch/arm/core/aarch32/cortex_m/libarch__arm__core__aarch32__cortex_m.a(exc_exit.S.obj)
                0x00000000000013f0                z_arm_exc_exit
                0x00000000000013f0                z_arm_int_exit
 .text.mem_manage_fault
                0x000000000000140c       0x78 zephyr/arch/arch/arm/core/aarch32/cortex_m/libarch__arm__core__aarch32__cortex_m.a(fault.c.obj)
 .text.bus_fault.constprop.0
                0x0000000000001484       0x3c zephyr/arch/arch/arm/core/aarch32/cortex_m/libarch__arm__core__aarch32__cortex_m.a(fault.c.obj)
 .text.z_arm_fault
                0x00000000000014c0      0x128 zephyr/arch/arch/arm/core/aarch32/cortex_m/libarch__arm__core__aarch32__cortex_m.a(fault.c.obj)
                0x00000000000014c0                z_arm_fault
 .text.z_arm_fault_init
                0x00000000000015e8       0x10 zephyr/arch/arch/arm/core/aarch32/cortex_m/libarch__arm__core__aarch32__cortex_m.a(fault.c.obj)
                0x00000000000015e8                z_arm_fault_init
 .text.__fault  0x00000000000015f8       0x14 zephyr/arch/arch/arm/core/aarch32/cortex_m/libarch__arm__core__aarch32__cortex_m.a(fault_s.S.obj)
                0x00000000000015f8                z_arm_bus_fault
                0x00000000000015f8                z_arm_usage_fault
                0x00000000000015f8                z_arm_mpu_fault
                0x00000000000015f8                z_arm_exc_spurious
                0x00000000000015f8                z_arm_debug_monitor
                0x00000000000015f8                z_arm_hard_fault
 .text.z_arm_interrupt_init
                0x000000000000160c       0x18 zephyr/arch/arch/arm/core/aarch32/cortex_m/libarch__arm__core__aarch32__cortex_m.a(irq_init.c.obj)
                0x000000000000160c                z_arm_interrupt_init
 .text._reset_section
                0x0000000000001624       0x54 zephyr/arch/arch/arm/core/aarch32/cortex_m/libarch__arm__core__aarch32__cortex_m.a(reset.S.obj)
                0x0000000000001624                z_arm_reset
                0x0000000000001624                __start
 .text.z_arm_clear_arm_mpu_config
                0x0000000000001678       0x24 zephyr/arch/arch/arm/core/aarch32/cortex_m/libarch__arm__core__aarch32__cortex_m.a(scb.c.obj)
                0x0000000000001678                z_arm_clear_arm_mpu_config
 .text.z_arm_init_arch_hw_at_boot
                0x000000000000169c       0x64 zephyr/arch/arch/arm/core/aarch32/cortex_m/libarch__arm__core__aarch32__cortex_m.a(scb.c.obj)
                0x000000000000169c                z_arm_init_arch_hw_at_boot
 .text.z_impl_k_thread_abort
                0x0000000000001700       0x2c zephyr/arch/arch/arm/core/aarch32/cortex_m/libarch__arm__core__aarch32__cortex_m.a(thread_abort.c.obj)
                0x0000000000001700                z_impl_k_thread_abort
 .text.z_arm_configure_static_mpu_regions
                0x000000000000172c       0x18 zephyr/arch/arch/arm/core/aarch32/mpu/libarch__arm__core__aarch32__mpu.a(arm_core_mpu.c.obj)
                0x000000000000172c                z_arm_configure_static_mpu_regions
 .text.z_arm_configure_dynamic_mpu_regions
                0x0000000000001744       0x20 zephyr/arch/arch/arm/core/aarch32/mpu/libarch__arm__core__aarch32__mpu.a(arm_core_mpu.c.obj)
                0x0000000000001744                z_arm_configure_dynamic_mpu_regions
 .text.mpu_configure_regions
                0x0000000000001764       0x84 zephyr/arch/arch/arm/core/aarch32/mpu/libarch__arm__core__aarch32__mpu.a(arm_mpu.c.obj)
 .text.arm_core_mpu_enable
                0x00000000000017e8       0x18 zephyr/arch/arch/arm/core/aarch32/mpu/libarch__arm__core__aarch32__mpu.a(arm_mpu.c.obj)
                0x00000000000017e8                arm_core_mpu_enable
 .text.arm_core_mpu_disable
                0x0000000000001800       0x14 zephyr/arch/arch/arm/core/aarch32/mpu/libarch__arm__core__aarch32__mpu.a(arm_mpu.c.obj)
                0x0000000000001800                arm_core_mpu_disable
 .text.arm_core_mpu_configure_static_mpu_regions
                0x0000000000001814       0x14 zephyr/arch/arch/arm/core/aarch32/mpu/libarch__arm__core__aarch32__mpu.a(arm_mpu.c.obj)
                0x0000000000001814                arm_core_mpu_configure_static_mpu_regions
 .text.arm_core_mpu_configure_dynamic_mpu_regions
                0x0000000000001828       0x30 zephyr/arch/arch/arm/core/aarch32/mpu/libarch__arm__core__aarch32__mpu.a(arm_mpu.c.obj)
                0x0000000000001828                arm_core_mpu_configure_dynamic_mpu_regions
 .text.z_arm_mpu_init
                0x0000000000001858       0x60 zephyr/arch/arch/arm/core/aarch32/mpu/libarch__arm__core__aarch32__mpu.a(arm_mpu.c.obj)
                0x0000000000001858                z_arm_mpu_init
 .text.__stdout_hook_install
                0x00000000000018b8        0xc zephyr/lib/libc/minimal/liblib__libc__minimal.a(stdout_console.c.obj)
                0x00000000000018b8                __stdout_hook_install
 .text.nordicsemi_nrf52_init
                0x00000000000018c4       0x60 zephyr/soc/arm/nordic_nrf/nrf52/libsoc__arm__nordic_nrf__nrf52.a(soc.c.obj)
 .text.sys_arch_reboot
                0x0000000000001924       0x2c zephyr/soc/arm/nordic_nrf/nrf52/libsoc__arm__nordic_nrf__nrf52.a(soc.c.obj)
                0x0000000000001924                sys_arch_reboot
 .text.arch_busy_wait
                0x0000000000001950       0x14 zephyr/soc/arm/nordic_nrf/nrf52/libsoc__arm__nordic_nrf__nrf52.a(soc.c.obj)
                0x0000000000001950                arch_busy_wait
 .text.onoff_stop
                0x0000000000001964       0x30 zephyr/drivers/clock_control/libdrivers__clock_control.a(clock_control_nrf.c.obj)
 .text.onoff_start
                0x0000000000001994       0x44 zephyr/drivers/clock_control/libdrivers__clock_control.a(clock_control_nrf.c.obj)
 .text.clk_init
                0x00000000000019d8       0x58 zephyr/drivers/clock_control/libdrivers__clock_control.a(clock_control_nrf.c.obj)
 .text.clkstarted_handle.constprop.0
                0x0000000000001a30       0x34 zephyr/drivers/clock_control/libdrivers__clock_control.a(clock_control_nrf.c.obj)
 .text.clock_event_handler
                0x0000000000001a64       0x1c zephyr/drivers/clock_control/libdrivers__clock_control.a(clock_control_nrf.c.obj)
 .text.generic_hfclk_start
                0x0000000000001a80       0x64 zephyr/drivers/clock_control/libdrivers__clock_control.a(clock_control_nrf.c.obj)
 .text.api_blocking_start
                0x0000000000001ae4       0x34 zephyr/drivers/clock_control/libdrivers__clock_control.a(clock_control_nrf.c.obj)
 .text.generic_hfclk_stop
                0x0000000000001b18       0x2c zephyr/drivers/clock_control/libdrivers__clock_control.a(clock_control_nrf.c.obj)
 .text.z_nrf_clock_control_lf_on
                0x0000000000001b44      0x100 zephyr/drivers/clock_control/libdrivers__clock_control.a(clock_control_nrf.c.obj)
                0x0000000000001b44                z_nrf_clock_control_lf_on
 .text.uart_console_init
                0x0000000000001c44       0x30 zephyr/drivers/console/libdrivers__console.a(uart_console.c.obj)
 .text.console_out
                0x0000000000001c74       0x28 zephyr/drivers/console/libdrivers__console.a(uart_console.c.obj)
 .text.gpio_nrfx_pin_interrupt_configure
                0x0000000000001c9c       0xd4 zephyr/drivers/gpio/libdrivers__gpio.a(gpio_nrfx.c.obj)
 .text.gpio_nrfx_init
                0x0000000000001d70       0x38 zephyr/drivers/gpio/libdrivers__gpio.a(gpio_nrfx.c.obj)
 .text.nrfx_gpio_handler
                0x0000000000001da8       0x44 zephyr/drivers/gpio/libdrivers__gpio.a(gpio_nrfx.c.obj)
 .text.gpio_nrfx_pin_configure
                0x0000000000001dec      0x144 zephyr/drivers/gpio/libdrivers__gpio.a(gpio_nrfx.c.obj)
 .text.uarte_nrfx_configure
                0x0000000000001f30      0x164 zephyr/drivers/serial/libdrivers__serial.a(uart_nrfx_uarte.c.obj)
 .text.uarte_instance_init.constprop.0
                0x0000000000002094       0xec zephyr/drivers/serial/libdrivers__serial.a(uart_nrfx_uarte.c.obj)
 .text.uarte_nrfx_poll_out
                0x0000000000002180       0xc8 zephyr/drivers/serial/libdrivers__serial.a(uart_nrfx_uarte.c.obj)
 .text.compare_int_lock
                0x0000000000002248       0x50 zephyr/drivers/timer/libdrivers__timer.a(nrf_rtc_timer.c.obj)
 .text.sys_clock_timeout_handler
                0x0000000000002298       0x78 zephyr/drivers/timer/libdrivers__timer.a(nrf_rtc_timer.c.obj)
 .text.compare_int_unlock
                0x0000000000002310       0x5c zephyr/drivers/timer/libdrivers__timer.a(nrf_rtc_timer.c.obj)
 .text.z_nrf_rtc_timer_read
                0x000000000000236c       0x44 zephyr/drivers/timer/libdrivers__timer.a(nrf_rtc_timer.c.obj)
                0x000000000000236c                z_nrf_rtc_timer_read
 .text.compare_set
                0x00000000000023b0      0x148 zephyr/drivers/timer/libdrivers__timer.a(nrf_rtc_timer.c.obj)
 .text.sys_clock_driver_init
                0x00000000000024f8       0x80 zephyr/drivers/timer/libdrivers__timer.a(nrf_rtc_timer.c.obj)
 .text.rtc_nrf_isr
                0x0000000000002578       0xec zephyr/drivers/timer/libdrivers__timer.a(nrf_rtc_timer.c.obj)
                0x0000000000002578                rtc_nrf_isr
 .text.sys_clock_set_timeout
                0x0000000000002664       0x64 zephyr/drivers/timer/libdrivers__timer.a(nrf_rtc_timer.c.obj)
                0x0000000000002664                sys_clock_set_timeout
 .text.sys_clock_elapsed
                0x00000000000026c8       0x14 zephyr/drivers/timer/libdrivers__timer.a(nrf_rtc_timer.c.obj)
                0x00000000000026c8                sys_clock_elapsed
 .text.nrf_gpio_pin_clear
                0x00000000000026dc       0x20 zephyr/drivers/pinctrl/libdrivers__pinctrl.a(pinctrl_nrf.c.obj)
 .text.nrf_pin_configure
                0x00000000000026fc       0x44 zephyr/drivers/pinctrl/libdrivers__pinctrl.a(pinctrl_nrf.c.obj)
 .text.nrf_gpio_pin_set
                0x0000000000002740       0x20 zephyr/drivers/pinctrl/libdrivers__pinctrl.a(pinctrl_nrf.c.obj)
 .text.nrf52_errata_98
                0x0000000000002760       0x24 modules/hal_nordic/nrfx/libmodules__hal_nordic__nrfx.a(system_nrf52840.c.obj)
 .text.nvmc_wait
                0x0000000000002784       0x10 modules/hal_nordic/nrfx/libmodules__hal_nordic__nrfx.a(system_nrf52840.c.obj)
                0x0000000000002784                nvmc_wait
 .text.SystemInit
                0x0000000000002794      0x1d4 modules/hal_nordic/nrfx/libmodules__hal_nordic__nrfx.a(system_nrf52840.c.obj)
                0x0000000000002794                SystemInit
 .text.nrfx_flag32_alloc
                0x0000000000002968       0x4c modules/hal_nordic/nrfx/libmodules__hal_nordic__nrfx.a(nrfx_flag32_allocator.c.obj)
                0x0000000000002968                nrfx_flag32_alloc
 .text.nrfx_flag32_free
                0x00000000000029b4       0x44 modules/hal_nordic/nrfx/libmodules__hal_nordic__nrfx.a(nrfx_flag32_allocator.c.obj)
                0x00000000000029b4                nrfx_flag32_free
 .text.clock_stop
                0x00000000000029f8       0xa8 modules/hal_nordic/nrfx/libmodules__hal_nordic__nrfx.a(nrfx_clock.c.obj)
 .text.nrfx_clock_init
                0x0000000000002aa0       0x20 modules/hal_nordic/nrfx/libmodules__hal_nordic__nrfx.a(nrfx_clock.c.obj)
                0x0000000000002aa0                nrfx_clock_init
 .text.nrfx_power_clock_irq_handler
                0x0000000000002ac0       0x68 modules/hal_nordic/nrfx/libmodules__hal_nordic__nrfx.a(nrfx_clock.c.obj)
                0x0000000000002ac0                nrfx_power_clock_irq_handler
 .text.nrf_gpio_pin_port_decode
                0x0000000000002b28       0x1c modules/hal_nordic/nrfx/libmodules__hal_nordic__nrfx.a(nrfx_gpiote.c.obj)
 .text.pin_in_use_by_te
                0x0000000000002b44       0x14 modules/hal_nordic/nrfx/libmodules__hal_nordic__nrfx.a(nrfx_gpiote.c.obj)
 .text.call_handler
                0x0000000000002b58       0x3c modules/hal_nordic/nrfx/libmodules__hal_nordic__nrfx.a(nrfx_gpiote.c.obj)
 .text.release_handler
                0x0000000000002b94       0x54 modules/hal_nordic/nrfx/libmodules__hal_nordic__nrfx.a(nrfx_gpiote.c.obj)
 .text.pin_handler_trigger_uninit
                0x0000000000002be8       0x38 modules/hal_nordic/nrfx/libmodules__hal_nordic__nrfx.a(nrfx_gpiote.c.obj)
 .text.nrfx_gpiote_input_configure
                0x0000000000002c20      0x15c modules/hal_nordic/nrfx/libmodules__hal_nordic__nrfx.a(nrfx_gpiote.c.obj)
                0x0000000000002c20                nrfx_gpiote_input_configure
 .text.nrfx_gpiote_output_configure
                0x0000000000002d7c       0xe4 modules/hal_nordic/nrfx/libmodules__hal_nordic__nrfx.a(nrfx_gpiote.c.obj)
                0x0000000000002d7c                nrfx_gpiote_output_configure
 .text.nrfx_gpiote_global_callback_set
                0x0000000000002e60        0xc modules/hal_nordic/nrfx/libmodules__hal_nordic__nrfx.a(nrfx_gpiote.c.obj)
                0x0000000000002e60                nrfx_gpiote_global_callback_set
 .text.nrfx_gpiote_channel_get
                0x0000000000002e6c       0x2c modules/hal_nordic/nrfx/libmodules__hal_nordic__nrfx.a(nrfx_gpiote.c.obj)
                0x0000000000002e6c                nrfx_gpiote_channel_get
 .text.nrfx_gpiote_init
                0x0000000000002e98       0x50 modules/hal_nordic/nrfx/libmodules__hal_nordic__nrfx.a(nrfx_gpiote.c.obj)
                0x0000000000002e98                nrfx_gpiote_init
 .text.nrfx_gpiote_is_init
                0x0000000000002ee8       0x14 modules/hal_nordic/nrfx/libmodules__hal_nordic__nrfx.a(nrfx_gpiote.c.obj)
                0x0000000000002ee8                nrfx_gpiote_is_init
 .text.nrfx_gpiote_channel_free
                0x0000000000002efc        0xc modules/hal_nordic/nrfx/libmodules__hal_nordic__nrfx.a(nrfx_gpiote.c.obj)
                0x0000000000002efc                nrfx_gpiote_channel_free
 .text.nrfx_gpiote_channel_alloc
                0x0000000000002f08        0xc modules/hal_nordic/nrfx/libmodules__hal_nordic__nrfx.a(nrfx_gpiote.c.obj)
                0x0000000000002f08                nrfx_gpiote_channel_alloc
 .text.nrfx_gpiote_trigger_enable
                0x0000000000002f14       0x90 modules/hal_nordic/nrfx/libmodules__hal_nordic__nrfx.a(nrfx_gpiote.c.obj)
                0x0000000000002f14                nrfx_gpiote_trigger_enable
 .text.nrfx_gpiote_trigger_disable
                0x0000000000002fa4       0x50 modules/hal_nordic/nrfx/libmodules__hal_nordic__nrfx.a(nrfx_gpiote.c.obj)
                0x0000000000002fa4                nrfx_gpiote_trigger_disable
 .text.nrfx_gpiote_pin_uninit
                0x0000000000002ff4       0x48 modules/hal_nordic/nrfx/libmodules__hal_nordic__nrfx.a(nrfx_gpiote.c.obj)
                0x0000000000002ff4                nrfx_gpiote_pin_uninit
 .text.nrfx_gpiote_irq_handler
                0x000000000000303c      0x1ac modules/hal_nordic/nrfx/libmodules__hal_nordic__nrfx.a(nrfx_gpiote.c.obj)
                0x000000000000303c                nrfx_gpiote_irq_handler
 .text.nrfx_ppi_channel_alloc
                0x00000000000031e8        0xc modules/hal_nordic/nrfx/libmodules__hal_nordic__nrfx.a(nrfx_ppi.c.obj)
                0x00000000000031e8                nrfx_ppi_channel_alloc
 .text._DoInit  0x00000000000031f4       0x6c modules/segger/libmodules__segger.a(SEGGER_RTT.c.obj)
 .text.z_sys_init_run_level
                0x0000000000003260       0x40 zephyr/kernel/libkernel.a(device.c.obj)
                0x0000000000003260                z_sys_init_run_level
 .text.bg_thread_main
                0x00000000000032a0       0x34 zephyr/kernel/libkernel.a(init.c.obj)
 .text.z_bss_zero
                0x00000000000032d4       0x18 zephyr/kernel/libkernel.a(init.c.obj)
                0x00000000000032d4                z_bss_zero
 .text.z_init_cpu
                0x00000000000032ec       0x70 zephyr/kernel/libkernel.a(init.c.obj)
                0x00000000000032ec                z_init_cpu
 .text.z_cstart
                0x000000000000335c       0xd4 zephyr/kernel/libkernel.a(init.c.obj)
                0x000000000000335c                z_cstart
 .text.init_mem_slab_module
                0x0000000000003430       0x44 zephyr/kernel/libkernel.a(mem_slab.c.obj)
 .text.k_mem_slab_alloc
                0x0000000000003474       0x5c zephyr/kernel/libkernel.a(mem_slab.c.obj)
                0x0000000000003474                k_mem_slab_alloc
 .text.z_setup_new_thread
                0x00000000000034d0       0x64 zephyr/kernel/libkernel.a(thread.c.obj)
                0x00000000000034d0                z_setup_new_thread
 .text.z_init_static_threads
                0x0000000000003534       0xb8 zephyr/kernel/libkernel.a(thread.c.obj)
                0x0000000000003534                z_init_static_threads
 .text.idle     0x00000000000035ec       0x38 zephyr/kernel/libkernel.a(idle.c.obj)
                0x00000000000035ec                idle
 .text.z_impl_k_mutex_lock
                0x0000000000003624       0xf0 zephyr/kernel/libkernel.a(mutex.c.obj)
                0x0000000000003624                z_impl_k_mutex_lock
 .text.z_impl_k_mutex_unlock
                0x0000000000003714       0x78 zephyr/kernel/libkernel.a(mutex.c.obj)
                0x0000000000003714                z_impl_k_mutex_unlock
 .text.z_impl_k_sem_give
                0x000000000000378c       0x40 zephyr/kernel/libkernel.a(sem.c.obj)
                0x000000000000378c                z_impl_k_sem_give
 .text.z_impl_k_sem_take
                0x00000000000037cc       0x50 zephyr/kernel/libkernel.a(sem.c.obj)
                0x00000000000037cc                z_impl_k_sem_take
 .text.z_reset_time_slice
                0x000000000000381c       0x28 zephyr/kernel/libkernel.a(sched.c.obj)
                0x000000000000381c                z_reset_time_slice
 .text.k_sched_time_slice_set
                0x0000000000003844       0x64 zephyr/kernel/libkernel.a(sched.c.obj)
                0x0000000000003844                k_sched_time_slice_set
 .text.z_reschedule
                0x00000000000038a8       0x24 zephyr/kernel/libkernel.a(sched.c.obj)
                0x00000000000038a8                z_reschedule
 .text.k_sched_lock
                0x00000000000038cc       0x28 zephyr/kernel/libkernel.a(sched.c.obj)
                0x00000000000038cc                k_sched_lock
 .text.update_cache
                0x00000000000038f4       0x40 zephyr/kernel/libkernel.a(sched.c.obj)
 .text.move_thread_to_end_of_prio_q
                0x0000000000003934       0x74 zephyr/kernel/libkernel.a(sched.c.obj)
 .text.z_time_slice
                0x00000000000039a8       0x84 zephyr/kernel/libkernel.a(sched.c.obj)
                0x00000000000039a8                z_time_slice
 .text.ready_thread
                0x0000000000003a2c       0x6c zephyr/kernel/libkernel.a(sched.c.obj)
 .text.z_sched_start
                0x0000000000003a98       0x3c zephyr/kernel/libkernel.a(sched.c.obj)
                0x0000000000003a98                z_sched_start
 .text.unready_thread
                0x0000000000003ad4       0x30 zephyr/kernel/libkernel.a(sched.c.obj)
 .text.pend     0x0000000000003b04       0x4c zephyr/kernel/libkernel.a(sched.c.obj)
 .text.z_pend_curr
                0x0000000000003b50       0x28 zephyr/kernel/libkernel.a(sched.c.obj)
                0x0000000000003b50                z_pend_curr
 .text.z_set_prio
                0x0000000000003b78       0x90 zephyr/kernel/libkernel.a(sched.c.obj)
                0x0000000000003b78                z_set_prio
 .text.z_impl_k_thread_suspend
                0x0000000000003c08       0x64 zephyr/kernel/libkernel.a(sched.c.obj)
                0x0000000000003c08                z_impl_k_thread_suspend
 .text.k_sched_unlock
                0x0000000000003c6c       0x38 zephyr/kernel/libkernel.a(sched.c.obj)
                0x0000000000003c6c                k_sched_unlock
 .text.z_sched_init
                0x0000000000003ca4       0x18 zephyr/kernel/libkernel.a(sched.c.obj)
                0x0000000000003ca4                z_sched_init
 .text.z_impl_k_yield
                0x0000000000003cbc       0x80 zephyr/kernel/libkernel.a(sched.c.obj)
                0x0000000000003cbc                z_impl_k_yield
 .text.z_tick_sleep
                0x0000000000003d3c       0x90 zephyr/kernel/libkernel.a(sched.c.obj)
 .text.z_impl_k_sleep
                0x0000000000003dcc       0x34 zephyr/kernel/libkernel.a(sched.c.obj)
                0x0000000000003dcc                z_impl_k_sleep
 .text.z_impl_z_current_get
                0x0000000000003e00        0xc zephyr/kernel/libkernel.a(sched.c.obj)
                0x0000000000003e00                z_impl_z_current_get
 .text.z_thread_abort
                0x0000000000003e0c       0xc0 zephyr/kernel/libkernel.a(sched.c.obj)
                0x0000000000003e0c                z_thread_abort
 .text.z_data_copy
                0x0000000000003ecc       0x34 zephyr/kernel/libkernel.a(xip.c.obj)
                0x0000000000003ecc                z_data_copy
 .text.elapsed  0x0000000000003f00       0x14 zephyr/kernel/libkernel.a(timeout.c.obj)
 .text.next_timeout
                0x0000000000003f14       0x4c zephyr/kernel/libkernel.a(timeout.c.obj)
 .text.remove_timeout
                0x0000000000003f60       0x34 zephyr/kernel/libkernel.a(timeout.c.obj)
 .text.z_add_timeout
                0x0000000000003f94       0xf4 zephyr/kernel/libkernel.a(timeout.c.obj)
                0x0000000000003f94                z_add_timeout
 .text.sys_clock_announce
                0x0000000000004088       0xb8 zephyr/kernel/libkernel.a(timeout.c.obj)
                0x0000000000004088                sys_clock_announce
 .text.sys_clock_tick_get
                0x0000000000004140       0x34 zephyr/kernel/libkernel.a(timeout.c.obj)
                0x0000000000004140                sys_clock_tick_get
 .text.boot_banner
                0x0000000000004174       0x18 zephyr/kernel/libkernel.a(banner.c.obj)
                0x0000000000004174                boot_banner
 .text.nrf_cc3xx_platform_init_no_rng
                0x000000000000418c       0x38 /opt/nordic/ncs/v2.1.2/nrfxlib/crypto/nrf_cc310_platform/lib/cortex-m4/soft-float/no-interrupts/libnrf_cc310_platform_0.9.15.a(nrf_cc3xx_platform.c.obj)
                0x000000000000418c                nrf_cc3xx_platform_init_no_rng
 .text.nrf_cc3xx_platform_abort
                0x00000000000041c4       0x24 /opt/nordic/ncs/v2.1.2/nrfxlib/crypto/nrf_cc310_platform/lib/cortex-m4/soft-float/no-interrupts/libnrf_cc310_platform_0.9.15.a(nrf_cc3xx_platform_abort.c.obj)
 .text.CC_PalAbort
                0x00000000000041e8       0x34 /opt/nordic/ncs/v2.1.2/nrfxlib/crypto/nrf_cc310_platform/lib/cortex-m4/soft-float/no-interrupts/libnrf_cc310_platform_0.9.15.a(nrf_cc3xx_platform_abort.c.obj)
                0x00000000000041e8                CC_PalAbort
 .text.nrf_cc3xx_platform_set_abort
                0x000000000000421c       0x10 /opt/nordic/ncs/v2.1.2/nrfxlib/crypto/nrf_cc310_platform/lib/cortex-m4/soft-float/no-interrupts/libnrf_cc310_platform_0.9.15.a(nrf_cc3xx_platform_abort.c.obj)
                0x000000000000421c                nrf_cc3xx_platform_set_abort
 .text.mutex_free
                0x000000000000422c       0x28 /opt/nordic/ncs/v2.1.2/nrfxlib/crypto/nrf_cc310_platform/lib/cortex-m4/soft-float/no-interrupts/libnrf_cc310_platform_0.9.15.a(nrf_cc3xx_platform_mutex.c.obj)
 .text.mutex_lock
                0x0000000000004254       0x40 /opt/nordic/ncs/v2.1.2/nrfxlib/crypto/nrf_cc310_platform/lib/cortex-m4/soft-float/no-interrupts/libnrf_cc310_platform_0.9.15.a(nrf_cc3xx_platform_mutex.c.obj)
 .text.mutex_unlock
                0x0000000000004294       0x2c /opt/nordic/ncs/v2.1.2/nrfxlib/crypto/nrf_cc310_platform/lib/cortex-m4/soft-float/no-interrupts/libnrf_cc310_platform_0.9.15.a(nrf_cc3xx_platform_mutex.c.obj)
 .text.mutex_init
                0x00000000000042c0       0x1c /opt/nordic/ncs/v2.1.2/nrfxlib/crypto/nrf_cc310_platform/lib/cortex-m4/soft-float/no-interrupts/libnrf_cc310_platform_0.9.15.a(nrf_cc3xx_platform_mutex.c.obj)
 .text.nrf_cc3xx_platform_set_mutexes
                0x00000000000042dc       0x60 /opt/nordic/ncs/v2.1.2/nrfxlib/crypto/nrf_cc310_platform/lib/cortex-m4/soft-float/no-interrupts/libnrf_cc310_platform_0.9.15.a(nrf_cc3xx_platform_mutex.c.obj)
                0x00000000000042dc                nrf_cc3xx_platform_set_mutexes
 .text.CC_LibInitNoRng
                0x000000000000433c       0x64 /opt/nordic/ncs/v2.1.2/nrfxlib/crypto/nrf_cc310_platform/lib/cortex-m4/soft-float/no-interrupts/libnrf_cc310_platform_0.9.15.a(cc_lib.c.obj)
                0x000000000000433c                CC_LibInitNoRng
 .text.CC_HalInit
                0x00000000000043a0        0x4 /opt/nordic/ncs/v2.1.2/nrfxlib/crypto/nrf_cc310_platform/lib/cortex-m4/soft-float/no-interrupts/libnrf_cc310_platform_0.9.15.a(cc_hal.c.obj)
                0x00000000000043a0                CC_HalInit
 .text.CC_HalTerminate
                0x00000000000043a4        0x4 /opt/nordic/ncs/v2.1.2/nrfxlib/crypto/nrf_cc310_platform/lib/cortex-m4/soft-float/no-interrupts/libnrf_cc310_platform_0.9.15.a(cc_hal.c.obj)
                0x00000000000043a4                CC_HalTerminate
 .text.CC_HalMaskInterrupt
                0x00000000000043a8        0xc /opt/nordic/ncs/v2.1.2/nrfxlib/crypto/nrf_cc310_platform/lib/cortex-m4/soft-float/no-interrupts/libnrf_cc310_platform_0.9.15.a(cc_hal.c.obj)
                0x00000000000043a8                CC_HalMaskInterrupt
 .text.CC_PalInit
                0x00000000000043b4       0x5c /opt/nordic/ncs/v2.1.2/nrfxlib/crypto/nrf_cc310_platform/lib/cortex-m4/soft-float/no-interrupts/libnrf_cc310_platform_0.9.15.a(cc_pal.c.obj)
                0x00000000000043b4                CC_PalInit
 .text.CC_PalTerminate
                0x0000000000004410       0x34 /opt/nordic/ncs/v2.1.2/nrfxlib/crypto/nrf_cc310_platform/lib/cortex-m4/soft-float/no-interrupts/libnrf_cc310_platform_0.9.15.a(cc_pal.c.obj)
                0x0000000000004410                CC_PalTerminate
 .text.CC_PalDmaInit
                0x0000000000004444        0x4 /opt/nordic/ncs/v2.1.2/nrfxlib/crypto/nrf_cc310_platform/lib/cortex-m4/soft-float/no-interrupts/libnrf_cc310_platform_0.9.15.a(cc_pal_dma.c.obj)
                0x0000000000004444                CC_PalDmaInit
 .text.CC_PalDmaTerminate
                0x0000000000004448        0x4 /opt/nordic/ncs/v2.1.2/nrfxlib/crypto/nrf_cc310_platform/lib/cortex-m4/soft-float/no-interrupts/libnrf_cc310_platform_0.9.15.a(cc_pal_dma.c.obj)
                0x0000000000004448                CC_PalDmaTerminate
 .text.CC_PalMutexCreate
                0x000000000000444c       0x14 /opt/nordic/ncs/v2.1.2/nrfxlib/crypto/nrf_cc310_platform/lib/cortex-m4/soft-float/no-interrupts/libnrf_cc310_platform_0.9.15.a(cc_pal_mutex.c.obj)
                0x000000000000444c                CC_PalMutexCreate
 .text.CC_PalMutexDestroy
                0x0000000000004460       0x14 /opt/nordic/ncs/v2.1.2/nrfxlib/crypto/nrf_cc310_platform/lib/cortex-m4/soft-float/no-interrupts/libnrf_cc310_platform_0.9.15.a(cc_pal_mutex.c.obj)
                0x0000000000004460                CC_PalMutexDestroy
 .text.CC_PalPowerSaveModeInit
                0x0000000000004474       0x3c /opt/nordic/ncs/v2.1.2/nrfxlib/crypto/nrf_cc310_platform/lib/cortex-m4/soft-float/no-interrupts/libnrf_cc310_platform_0.9.15.a(cc_pal_pm.c.obj)
                0x0000000000004474                CC_PalPowerSaveModeInit
 .text.CC_PalPowerSaveModeSelect
                0x00000000000044b0       0x84 /opt/nordic/ncs/v2.1.2/nrfxlib/crypto/nrf_cc310_platform/lib/cortex-m4/soft-float/no-interrupts/libnrf_cc310_platform_0.9.15.a(cc_pal_pm.c.obj)
                0x00000000000044b0                CC_PalPowerSaveModeSelect
 .text.sys_notify_validate
                0x0000000000004534       0x22 zephyr/libzephyr.a(notify.c.obj)
                0x0000000000004534                sys_notify_validate
 .text.sys_notify_finalize
                0x0000000000004556       0x1a zephyr/libzephyr.a(notify.c.obj)
                0x0000000000004556                sys_notify_finalize
 .text.arch_printk_char_out
                0x0000000000004570        0x4 zephyr/libzephyr.a(printk.c.obj)
                0x0000000000004570                arch_printk_char_out
 .text.printk   0x0000000000004574       0x1a zephyr/libzephyr.a(printk.c.obj)
                0x0000000000004574                printk
 .text.process_recheck
                0x000000000000458e       0x38 zephyr/libzephyr.a(onoff.c.obj)
 .text.notify_one
                0x00000000000045c6       0x2c zephyr/libzephyr.a(onoff.c.obj)
 .text.transition_complete
                0x00000000000045f2       0x1c zephyr/libzephyr.a(onoff.c.obj)
 .text.validate_args
                0x000000000000460e       0x1e zephyr/libzephyr.a(onoff.c.obj)
 .text.onoff_manager_init
                0x000000000000462c       0x26 zephyr/libzephyr.a(onoff.c.obj)
                0x000000000000462c                onoff_manager_init
 .text.onoff_request
                0x0000000000004652       0x92 zephyr/libzephyr.a(onoff.c.obj)
                0x0000000000004652                onoff_request
 .text.z_thread_entry
                0x00000000000046e4       0x14 zephyr/libzephyr.a(thread_entry.c.obj)
                0x00000000000046e4                z_thread_entry
 .text.encode_uint
                0x00000000000046f8       0x8c zephyr/libzephyr.a(cbprintf_complete.c.obj)
 .text.outs     0x0000000000004784       0x2c zephyr/libzephyr.a(cbprintf_complete.c.obj)
 .text._ConfigAbsSyms
                0x00000000000047b0        0x2 zephyr/libzephyr.a(configs.c.obj)
                0x00000000000047b0                _ConfigAbsSyms
 .text.abort_function
                0x00000000000047b2        0x8 zephyr/libzephyr.a(nrf_cc3xx_platform_abort_zephyr.c.obj)
 .text.z_arm_fatal_error
                0x00000000000047ba        0x4 zephyr/arch/arch/arm/core/aarch32/libarch__arm__core__aarch32.a(fatal.c.obj)
                0x00000000000047ba                z_arm_fatal_error
 .text.z_do_kernel_oops
                0x00000000000047be        0x8 zephyr/arch/arch/arm/core/aarch32/libarch__arm__core__aarch32.a(fatal.c.obj)
                0x00000000000047be                z_do_kernel_oops
 .text.z_irq_spurious
                0x00000000000047c6        0x8 zephyr/arch/arch/arm/core/aarch32/libarch__arm__core__aarch32.a(irq_manage.c.obj)
                0x00000000000047c6                z_irq_spurious
 .text.z_arm_nmi
                0x00000000000047ce        0xe zephyr/arch/arch/arm/core/aarch32/libarch__arm__core__aarch32.a(nmi.c.obj)
                0x00000000000047ce                z_arm_nmi
 .text.strcpy   0x00000000000047dc       0x14 zephyr/lib/libc/minimal/liblib__libc__minimal.a(string.c.obj)
                0x00000000000047dc                strcpy
 .text.strlen   0x00000000000047f0        0xe zephyr/lib/libc/minimal/liblib__libc__minimal.a(string.c.obj)
                0x00000000000047f0                strlen
 .text.strnlen  0x00000000000047fe       0x12 zephyr/lib/libc/minimal/liblib__libc__minimal.a(string.c.obj)
                0x00000000000047fe                strnlen
 .text.memcpy   0x0000000000004810       0x16 zephyr/lib/libc/minimal/liblib__libc__minimal.a(string.c.obj)
                0x0000000000004810                memcpy
 .text.memset   0x0000000000004826       0x12 zephyr/lib/libc/minimal/liblib__libc__minimal.a(string.c.obj)
                0x0000000000004826                memset
 .text._stdout_hook_default
                0x0000000000004838        0x6 zephyr/lib/libc/minimal/liblib__libc__minimal.a(stdout_console.c.obj)
 .text.pm_state_set
                0x000000000000483e       0x18 zephyr/soc/arm/nordic_nrf/nrf52/libsoc__arm__nordic_nrf__nrf52.a(power.c.obj)
                0x000000000000483e                pm_state_set
 .text.pm_state_exit_post_ops
                0x0000000000004856        0xc zephyr/soc/arm/nordic_nrf/nrf52/libsoc__arm__nordic_nrf__nrf52.a(power.c.obj)
                0x0000000000004856                pm_state_exit_post_ops
 .text.get_status
                0x0000000000004862       0x12 zephyr/drivers/clock_control/libdrivers__clock_control.a(clock_control_nrf.c.obj)
 .text.set_on_state
                0x0000000000004874       0x26 zephyr/drivers/clock_control/libdrivers__clock_control.a(clock_control_nrf.c.obj)
 .text.stop     0x000000000000489a       0x52 zephyr/drivers/clock_control/libdrivers__clock_control.a(clock_control_nrf.c.obj)
 .text.api_stop
                0x00000000000048ec        0x6 zephyr/drivers/clock_control/libdrivers__clock_control.a(clock_control_nrf.c.obj)
 .text.async_start
                0x00000000000048f2       0x62 zephyr/drivers/clock_control/libdrivers__clock_control.a(clock_control_nrf.c.obj)
 .text.api_start
                0x0000000000004954        0xe zephyr/drivers/clock_control/libdrivers__clock_control.a(clock_control_nrf.c.obj)
 .text.onoff_started_callback
                0x0000000000004962       0x12 zephyr/drivers/clock_control/libdrivers__clock_control.a(clock_control_nrf.c.obj)
 .text.lfclk_start
                0x0000000000004974        0x6 zephyr/drivers/clock_control/libdrivers__clock_control.a(clock_control_nrf.c.obj)
 .text.lfclk_stop
                0x000000000000497a        0x6 zephyr/drivers/clock_control/libdrivers__clock_control.a(clock_control_nrf.c.obj)
 .text.blocking_start_callback
                0x0000000000004980        0x6 zephyr/drivers/clock_control/libdrivers__clock_control.a(clock_control_nrf.c.obj)
 .text.gpio_nrfx_port_get_raw
                0x0000000000004986        0xe zephyr/drivers/gpio/libdrivers__gpio.a(gpio_nrfx.c.obj)
 .text.gpio_nrfx_port_set_masked_raw
                0x0000000000004994       0x18 zephyr/drivers/gpio/libdrivers__gpio.a(gpio_nrfx.c.obj)
 .text.gpio_nrfx_port_set_bits_raw
                0x00000000000049ac        0xc zephyr/drivers/gpio/libdrivers__gpio.a(gpio_nrfx.c.obj)
 .text.gpio_nrfx_port_clear_bits_raw
                0x00000000000049b8        0xc zephyr/drivers/gpio/libdrivers__gpio.a(gpio_nrfx.c.obj)
 .text.gpio_nrfx_port_toggle_bits
                0x00000000000049c4       0x1a zephyr/drivers/gpio/libdrivers__gpio.a(gpio_nrfx.c.obj)
 .text.gpio_nrfx_manage_callback
                0x00000000000049de       0x54 zephyr/drivers/gpio/libdrivers__gpio.a(gpio_nrfx.c.obj)
 .text.uarte_nrfx_config_get
                0x0000000000004a32       0x10 zephyr/drivers/serial/libdrivers__serial.a(uart_nrfx_uarte.c.obj)
 .text.uarte_nrfx_err_check
                0x0000000000004a42        0xe zephyr/drivers/serial/libdrivers__serial.a(uart_nrfx_uarte.c.obj)
 .text.uarte_nrfx_poll_in
                0x0000000000004a50       0x28 zephyr/drivers/serial/libdrivers__serial.a(uart_nrfx_uarte.c.obj)
 .text.is_tx_ready.isra.0
                0x0000000000004a78       0x20 zephyr/drivers/serial/libdrivers__serial.a(uart_nrfx_uarte.c.obj)
 .text.uarte_nrfx_isr_int
                0x0000000000004a98       0x72 zephyr/drivers/serial/libdrivers__serial.a(uart_nrfx_uarte.c.obj)
 .text.uarte_1_init
                0x0000000000004b0a       0x1e zephyr/drivers/serial/libdrivers__serial.a(uart_nrfx_uarte.c.obj)
 .text.uarte_0_init
                0x0000000000004b28       0x1e zephyr/drivers/serial/libdrivers__serial.a(uart_nrfx_uarte.c.obj)
 .text.sys_clock_idle_exit
                0x0000000000004b46        0x2 zephyr/drivers/timer/libdrivers__timer.a(sys_clock_init.c.obj)
                0x0000000000004b46                sys_clock_idle_exit
 .text.pinctrl_lookup_state
                0x0000000000004b48       0x30 zephyr/drivers/pinctrl/libdrivers__pinctrl.a(common.c.obj)
                0x0000000000004b48                pinctrl_lookup_state
 .text.nrf_gpio_pin_write
                0x0000000000004b78        0xa zephyr/drivers/pinctrl/libdrivers__pinctrl.a(pinctrl_nrf.c.obj)
 .text.pinctrl_configure_pins
                0x0000000000004b82      0x158 zephyr/drivers/pinctrl/libdrivers__pinctrl.a(pinctrl_nrf.c.obj)
                0x0000000000004b82                pinctrl_configure_pins
 .text.k_sys_fatal_error_handler
                0x0000000000004cda        0x8 modules/nrf/lib/fatal_error/lib..__nrf__lib__fatal_error.a(fatal_error.c.obj)
                0x0000000000004cda                k_sys_fatal_error_handler
 .text.hw_cc3xx_init_internal
                0x0000000000004ce2        0x4 modules/nrf/drivers/hw_cc310/lib..__nrf__drivers__hw_cc310.a(hw_cc310.c.obj)
 .text.hw_cc3xx_init
                0x0000000000004ce6       0x12 modules/nrf/drivers/hw_cc310/lib..__nrf__drivers__hw_cc310.a(hw_cc310.c.obj)
 .text.nrf52_errata_36
                0x0000000000004cf8       0x12 modules/hal_nordic/nrfx/libmodules__hal_nordic__nrfx.a(system_nrf52840.c.obj)
 .text.nrfx_isr
                0x0000000000004d0a        0x2 modules/hal_nordic/nrfx/libmodules__hal_nordic__nrfx.a(nrfx_glue.c.obj)
                0x0000000000004d0a                nrfx_isr
 .text.nrfx_busy_wait
                0x0000000000004d0c        0x4 modules/hal_nordic/nrfx/libmodules__hal_nordic__nrfx.a(nrfx_glue.c.obj)
                0x0000000000004d0c                nrfx_busy_wait
 .text.nrfx_clock_enable
                0x0000000000004d10       0x1a modules/hal_nordic/nrfx/libmodules__hal_nordic__nrfx.a(nrfx_clock.c.obj)
                0x0000000000004d10                nrfx_clock_enable
 .text.nrfx_clock_start
                0x0000000000004d2a       0x7a modules/hal_nordic/nrfx/libmodules__hal_nordic__nrfx.a(nrfx_clock.c.obj)
                0x0000000000004d2a                nrfx_clock_start
 .text.nrfx_clock_stop
                0x0000000000004da4        0x4 modules/hal_nordic/nrfx/libmodules__hal_nordic__nrfx.a(nrfx_clock.c.obj)
                0x0000000000004da4                nrfx_clock_stop
 .text.nrf_gpio_reconfigure
                0x0000000000004da8       0x8e modules/hal_nordic/nrfx/libmodules__hal_nordic__nrfx.a(nrfx_gpiote.c.obj)
 .text.nrf_gpio_cfg_sense_set
                0x0000000000004e36       0x1e modules/hal_nordic/nrfx/libmodules__hal_nordic__nrfx.a(nrfx_gpiote.c.obj)
 .text.SEGGER_RTT_Init
                0x0000000000004e54        0x4 modules/segger/libmodules__segger.a(SEGGER_RTT.c.obj)
                0x0000000000004e54                SEGGER_RTT_Init
 .text.rtt_init
                0x0000000000004e58        0xa modules/segger/libmodules__segger.a(SEGGER_RTT_zephyr.c.obj)
 .text.z_device_state_init
                0x0000000000004e62        0x2 zephyr/kernel/libkernel.a(device.c.obj)
                0x0000000000004e62                z_device_state_init
 .text.z_device_is_ready
                0x0000000000004e64       0x14 zephyr/kernel/libkernel.a(device.c.obj)
                0x0000000000004e64                z_device_is_ready
 .text.z_fatal_error
                0x0000000000004e78       0x36 zephyr/kernel/libkernel.a(fatal.c.obj)
                0x0000000000004e78                z_fatal_error
 .text.z_early_memset
                0x0000000000004eae        0x4 zephyr/kernel/libkernel.a(init.c.obj)
                0x0000000000004eae                z_early_memset
 .text.z_early_memcpy
                0x0000000000004eb2        0x4 zephyr/kernel/libkernel.a(init.c.obj)
                0x0000000000004eb2                z_early_memcpy
 .text.k_mem_slab_init
                0x0000000000004eb6       0x36 zephyr/kernel/libkernel.a(mem_slab.c.obj)
                0x0000000000004eb6                k_mem_slab_init
 .text.k_mem_slab_free
                0x0000000000004eec       0x52 zephyr/kernel/libkernel.a(mem_slab.c.obj)
                0x0000000000004eec                k_mem_slab_free
 .text.k_is_in_isr
                0x0000000000004f3e        0xc zephyr/kernel/libkernel.a(thread.c.obj)
                0x0000000000004f3e                k_is_in_isr
 .text.z_pm_save_idle_exit
                0x0000000000004f4a        0xe zephyr/kernel/libkernel.a(idle.c.obj)
                0x0000000000004f4a                z_pm_save_idle_exit
 .text.adjust_owner_prio.isra.0
                0x0000000000004f58       0x10 zephyr/kernel/libkernel.a(mutex.c.obj)
 .text.z_impl_k_mutex_init
                0x0000000000004f68        0xe zephyr/kernel/libkernel.a(mutex.c.obj)
                0x0000000000004f68                z_impl_k_mutex_init
 .text.sys_dlist_remove
                0x0000000000004f76       0x10 zephyr/kernel/libkernel.a(sched.c.obj)
 .text.unpend_thread_no_timeout
                0x0000000000004f86       0x14 zephyr/kernel/libkernel.a(sched.c.obj)
 .text.z_reschedule_irqlock
                0x0000000000004f9a       0x18 zephyr/kernel/libkernel.a(sched.c.obj)
                0x0000000000004f9a                z_reschedule_irqlock
 .text.z_reschedule_unlocked
                0x0000000000004fb2       0x14 zephyr/kernel/libkernel.a(sched.c.obj)
 .text.z_priq_dumb_best
                0x0000000000004fc6        0xc zephyr/kernel/libkernel.a(sched.c.obj)
                0x0000000000004fc6                z_priq_dumb_best
 .text.z_ready_thread
                0x0000000000004fd2       0x20 zephyr/kernel/libkernel.a(sched.c.obj)
                0x0000000000004fd2                z_ready_thread
 .text.z_thread_timeout
                0x0000000000004ff2       0x44 zephyr/kernel/libkernel.a(sched.c.obj)
                0x0000000000004ff2                z_thread_timeout
 .text.add_to_waitq_locked
                0x0000000000005036       0x54 zephyr/kernel/libkernel.a(sched.c.obj)
 .text.z_unpend_first_thread
                0x000000000000508a       0x30 zephyr/kernel/libkernel.a(sched.c.obj)
                0x000000000000508a                z_unpend_first_thread
 .text.z_abort_timeout
                0x00000000000050ba       0x2c zephyr/kernel/libkernel.a(timeout.c.obj)
                0x00000000000050ba                z_abort_timeout
 .text.z_get_next_timeout_expiry
                0x00000000000050e6       0x20 zephyr/kernel/libkernel.a(timeout.c.obj)
                0x00000000000050e6                z_get_next_timeout_expiry
 .text.z_set_timeout_expiry
                0x0000000000005106       0x34 zephyr/kernel/libkernel.a(timeout.c.obj)
                0x0000000000005106                z_set_timeout_expiry
 .text.sys_clock_tick_get_32
                0x000000000000513a        0x8 zephyr/kernel/libkernel.a(timeout.c.obj)
                0x000000000000513a                sys_clock_tick_get_32
 .text.z_impl_k_busy_wait
                0x0000000000005142        0x8 zephyr/kernel/libkernel.a(timeout.c.obj)
                0x0000000000005142                z_impl_k_busy_wait
 .text._OffsetAbsSyms
                0x000000000000514a        0x2 zephyr/CMakeFiles/offsets.dir/./arch/arm/core/offsets/offsets.c.obj
                0x000000000000514a                _OffsetAbsSyms
 *(SORT_BY_ALIGNMENT(.TEXT.*))
 *(SORT_BY_ALIGNMENT(.gnu.linkonce.t.*))
 *(SORT_BY_ALIGNMENT(.glue_7t))
 .glue_7t       0x000000000000514c        0x0 linker stubs
 *(SORT_BY_ALIGNMENT(.glue_7))
 .glue_7        0x000000000000514c        0x0 linker stubs
 *(SORT_BY_ALIGNMENT(.vfp11_veneer))
 .vfp11_veneer  0x000000000000514c        0x0 linker stubs
 *(SORT_BY_ALIGNMENT(.v4_bx))
 .v4_bx         0x000000000000514c        0x0 linker stubs
                0x000000000000514c                __text_region_end = .

.ARM.exidx      0x000000000000514c        0x8
                0x000000000000514c                __exidx_start = .
 *(SORT_BY_ALIGNMENT(.ARM.exidx*) SORT_BY_ALIGNMENT(gnu.linkonce.armexidx.*))
 .ARM.exidx     0x000000000000514c        0x8 /opt/nordic/ncs/toolchains/v2.1.2/opt/zephyr-sdk/arm-zephyr-eabi/bin/../lib/gcc/arm-zephyr-eabi/10.3.0/thumb/v7e-m/nofp/libgcc.a(_udivmoddi4.o)
                0x0000000000005154                __exidx_end = .
                0x0000000000005154                __rodata_region_start = .

initlevel       0x0000000000005154       0x60
                0x0000000000005154                __init_start = .
                0x0000000000005154                __init_PRE_KERNEL_1_start = .
 *(SORT_BY_NAME(SORT_BY_ALIGNMENT(.z_init_PRE_KERNEL_1[0-9]_*)))
 .z_init_PRE_KERNEL_10_
                0x0000000000005154        0x8 zephyr/soc/arm/nordic_nrf/nrf52/libsoc__arm__nordic_nrf__nrf52.a(soc.c.obj)
 *(SORT_BY_NAME(SORT_BY_ALIGNMENT(.z_init_PRE_KERNEL_1[1-9][0-9]_*)))
 .z_init_PRE_KERNEL_130_
                0x000000000000515c        0x8 zephyr/drivers/clock_control/libdrivers__clock_control.a(clock_control_nrf.c.obj)
 .z_init_PRE_KERNEL_130_
                0x0000000000005164        0x8 modules/segger/libmodules__segger.a(SEGGER_RTT_zephyr.c.obj)
 .z_init_PRE_KERNEL_130_
                0x000000000000516c        0x8 zephyr/kernel/libkernel.a(mem_slab.c.obj)
 .z_init_PRE_KERNEL_140_
                0x0000000000005174       0x10 zephyr/drivers/gpio/libdrivers__gpio.a(gpio_nrfx.c.obj)
 .z_init_PRE_KERNEL_140_
                0x0000000000005184        0x8 modules/nrf/drivers/hw_cc310/lib..__nrf__drivers__hw_cc310.a(hw_cc310.c.obj)
 .z_init_PRE_KERNEL_155_
                0x000000000000518c       0x10 zephyr/drivers/serial/libdrivers__serial.a(uart_nrfx_uarte.c.obj)
 .z_init_PRE_KERNEL_160_
                0x000000000000519c        0x8 zephyr/drivers/console/libdrivers__console.a(uart_console.c.obj)
                0x00000000000051a4                __init_PRE_KERNEL_2_start = .
 *(SORT_BY_NAME(SORT_BY_ALIGNMENT(.z_init_PRE_KERNEL_2[0-9]_*)))
 .z_init_PRE_KERNEL_20_
                0x00000000000051a4        0x8 zephyr/drivers/timer/libdrivers__timer.a(nrf_rtc_timer.c.obj)
 *(SORT_BY_NAME(SORT_BY_ALIGNMENT(.z_init_PRE_KERNEL_2[1-9][0-9]_*)))
                0x00000000000051ac                __init_POST_KERNEL_start = .
 *(SORT_BY_NAME(SORT_BY_ALIGNMENT(.z_init_POST_KERNEL[0-9]_*)))
 *(SORT_BY_NAME(SORT_BY_ALIGNMENT(.z_init_POST_KERNEL[1-9][0-9]_*)))
 .z_init_POST_KERNEL40_
                0x00000000000051ac        0x8 modules/nrf/drivers/hw_cc310/lib..__nrf__drivers__hw_cc310.a(hw_cc310.c.obj)
                0x00000000000051b4                __init_APPLICATION_start = .
 *(SORT_BY_NAME(SORT_BY_ALIGNMENT(.z_init_APPLICATION[0-9]_*)))
 *(SORT_BY_NAME(SORT_BY_ALIGNMENT(.z_init_APPLICATION[1-9][0-9]_*)))
                0x00000000000051b4                __init_SMP_start = .
 *(SORT_BY_NAME(SORT_BY_ALIGNMENT(.z_init_SMP[0-9]_*)))
 *(SORT_BY_NAME(SORT_BY_ALIGNMENT(.z_init_SMP[1-9][0-9]_*)))
                0x00000000000051b4                __init_end = .

devices         0x00000000000051b4       0x78
                0x00000000000051b4                __device_start = .
                0x00000000000051b4                __device_PRE_KERNEL_1_start = .
 *(SORT_BY_NAME(SORT_BY_ALIGNMENT(.z_device_PRE_KERNEL_1[0-9]_*)))
 *(SORT_BY_NAME(SORT_BY_ALIGNMENT(.z_device_PRE_KERNEL_1[1-9][0-9]_*)))
 .z_device_PRE_KERNEL_130_
                0x00000000000051b4       0x18 zephyr/drivers/clock_control/libdrivers__clock_control.a(clock_control_nrf.c.obj)
                0x00000000000051b4                __device_dts_ord_74
 .z_device_PRE_KERNEL_140_
                0x00000000000051cc       0x30 zephyr/drivers/gpio/libdrivers__gpio.a(gpio_nrfx.c.obj)
                0x00000000000051cc                __device_dts_ord_11
                0x00000000000051e4                __device_dts_ord_106
 .z_device_PRE_KERNEL_155_
                0x00000000000051fc       0x30 zephyr/drivers/serial/libdrivers__serial.a(uart_nrfx_uarte.c.obj)
                0x00000000000051fc                __device_dts_ord_115
                0x0000000000005214                __device_dts_ord_114
                0x000000000000522c                __device_PRE_KERNEL_2_start = .
 *(SORT_BY_NAME(SORT_BY_ALIGNMENT(.z_device_PRE_KERNEL_2[0-9]_*)))
 *(SORT_BY_NAME(SORT_BY_ALIGNMENT(.z_device_PRE_KERNEL_2[1-9][0-9]_*)))
                0x000000000000522c                __device_POST_KERNEL_start = .
 *(SORT_BY_NAME(SORT_BY_ALIGNMENT(.z_device_POST_KERNEL[0-9]_*)))
 *(SORT_BY_NAME(SORT_BY_ALIGNMENT(.z_device_POST_KERNEL[1-9][0-9]_*)))
                0x000000000000522c                __device_APPLICATION_start = .
 *(SORT_BY_NAME(SORT_BY_ALIGNMENT(.z_device_APPLICATION[0-9]_*)))
 *(SORT_BY_NAME(SORT_BY_ALIGNMENT(.z_device_APPLICATION[1-9][0-9]_*)))
                0x000000000000522c                __device_SMP_start = .
 *(SORT_BY_NAME(SORT_BY_ALIGNMENT(.z_device_SMP[0-9]_*)))
 *(SORT_BY_NAME(SORT_BY_ALIGNMENT(.z_device_SMP[1-9][0-9]_*)))
                0x000000000000522c                __device_end = .

sw_isr_table    0x000000000000522c      0x180
                0x000000000000522c                . = ALIGN (0x4)
 *(SORT_BY_ALIGNMENT(.gnu.linkonce.sw_isr_table*))
 .gnu.linkonce.sw_isr_table
                0x000000000000522c      0x180 zephyr/CMakeFiles/zephyr_final.dir/isr_tables.c.obj
                0x000000000000522c                _sw_isr_table

initlevel_error
                0x0000000000005154        0x0
 *(SORT_BY_NAME(SORT_BY_ALIGNMENT(.z_init_[_A-Z0-9]*)))
                0x0000000000000001                ASSERT ((SIZEOF (initlevel_error) == 0x0), Undefined initialization levels used.)

app_shmem_regions
                0x00000000000053ac        0x0
                0x00000000000053ac                __app_shmem_regions_start = .
 *(SORT_BY_NAME(SORT_BY_ALIGNMENT(.app_regions.*)))
                0x00000000000053ac                __app_shmem_regions_end = .

k_p4wq_initparam_area
                0x00000000000053ac        0x0
                0x00000000000053ac                _k_p4wq_initparam_list_start = .
 *(SORT_BY_NAME(SORT_BY_ALIGNMENT(._k_p4wq_initparam.static.*)))
                0x00000000000053ac                _k_p4wq_initparam_list_end = .

device_handles  0x00000000000053ac       0x1e
                0x00000000000053ac                __device_handles_start = .
 *(SORT_BY_NAME(SORT_BY_ALIGNMENT(.__device_handles_pass2*)))
 .__device_handles_pass2
                0x00000000000053ac       0x1e zephyr/CMakeFiles/zephyr_final.dir/dev_handles.c.obj
                0x00000000000053ac                __devicehdl_DT_N_S_soc_S_uart_40002000
                0x00000000000053b2                __devicehdl_DT_N_S_soc_S_uart_40028000
                0x00000000000053b8                __devicehdl_DT_N_S_soc_S_gpio_50000300
                0x00000000000053be                __devicehdl_DT_N_S_soc_S_gpio_50000000
                0x00000000000053c4                __devicehdl_DT_N_S_soc_S_clock_40000000
                0x00000000000053ca                __device_handles_end = .

ztest           0x00000000000053ca        0x0
                0x00000000000053ca                _ztest_suite_node_list_start = .
 *(SORT_BY_NAME(SORT_BY_ALIGNMENT(._ztest_suite_node.static.*)))
                0x00000000000053ca                _ztest_suite_node_list_end = .
                0x00000000000053ca                _ztest_unit_test_list_start = .
 *(SORT_BY_NAME(SORT_BY_ALIGNMENT(._ztest_unit_test.static.*)))
                0x00000000000053ca                _ztest_unit_test_list_end = .
                0x00000000000053ca                _ztest_test_rule_list_start = .
 *(SORT_BY_NAME(SORT_BY_ALIGNMENT(._ztest_test_rule.static.*)))
                0x00000000000053ca                _ztest_test_rule_list_end = .

bt_l2cap_fixed_chan_area
                0x00000000000053ca        0x0
                0x00000000000053ca                _bt_l2cap_fixed_chan_list_start = .
 *(SORT_BY_NAME(SORT_BY_ALIGNMENT(._bt_l2cap_fixed_chan.static.*)))
                0x00000000000053ca                _bt_l2cap_fixed_chan_list_end = .

bt_gatt_service_static_area
                0x00000000000053ca        0x0
                0x00000000000053ca                _bt_gatt_service_static_list_start = .
 *(SORT_BY_NAME(SORT_BY_ALIGNMENT(._bt_gatt_service_static.static.*)))
                0x00000000000053ca                _bt_gatt_service_static_list_end = .

log_strings_sections
                0x00000000000053ca        0x0
                0x00000000000053ca                __log_strings_start = .
 *(SORT_BY_NAME(SORT_BY_ALIGNMENT(.log_strings*)))
                0x00000000000053ca                __log_strings_end = .

log_const_sections
                0x00000000000053ca        0x0
                0x00000000000053ca                __log_const_start = .
 *(SORT_BY_NAME(SORT_BY_ALIGNMENT(.log_const_*)))
                0x00000000000053ca                __log_const_end = .

log_backends_sections
                0x00000000000053ca        0x0
                0x00000000000053ca                __log_backends_start = .
 *(SORT_BY_ALIGNMENT(._log_backend.*))
                0x00000000000053ca                __log_backends_end = .

tracing_backend_area
                0x00000000000053ca        0x0
                0x00000000000053ca                _tracing_backend_list_start = .
 *(SORT_BY_NAME(SORT_BY_ALIGNMENT(._tracing_backend.static.*)))
                0x00000000000053ca                _tracing_backend_list_end = .

zephyr_dbg_info
 *(SORT_BY_ALIGNMENT(.dbg_thread_info))

symbol_to_keep  0x00000000000053ca        0x0
                0x00000000000053ca                __symbol_to_keep_start = .
 *(SORT_BY_NAME(SORT_BY_ALIGNMENT(.symbol_to_keep*)))
                0x00000000000053ca                __symbol_to_keep_end = .

shell_area      0x00000000000053ca        0x0
                0x00000000000053ca                _shell_list_start = .
 *(SORT_BY_NAME(SORT_BY_ALIGNMENT(._shell.static.*)))
                0x00000000000053ca                _shell_list_end = .

shell_root_cmds_sections
                0x00000000000053ca        0x0
                0x00000000000053ca                __shell_root_cmds_start = .
 *(SORT_BY_NAME(SORT_BY_ALIGNMENT(.shell_root_cmd_*)))
                0x00000000000053ca                __shell_root_cmds_end = .

shell_subcmds_sections
                0x00000000000053ca        0x0
                0x00000000000053ca                __shell_subcmds_start = .
 *(SORT_BY_NAME(SORT_BY_ALIGNMENT(.shell_subcmd_*)))
                0x00000000000053ca                __shell_subcmds_end = .

shell_dynamic_subcmds_sections
                0x00000000000053ca        0x0
                0x00000000000053ca                __shell_dynamic_subcmds_start = .
 *(SORT_BY_NAME(SORT_BY_ALIGNMENT(.shell_dynamic_subcmd_*)))
                0x00000000000053ca                __shell_dynamic_subcmds_end = .

font_entry_sections
                0x00000000000053ca        0x0
                0x00000000000053ca                __font_entry_start = .
 *(SORT_BY_NAME(SORT_BY_ALIGNMENT(._cfb_font.*)))
                0x00000000000053ca                __font_entry_end = .

rodata          0x00000000000053d0      0x330
 *(SORT_BY_ALIGNMENT(.rodata))
 *(SORT_BY_ALIGNMENT(.rodata.*))
 .rodata.delay_machine_code.0
                0x00000000000053d0        0x6 zephyr/soc/arm/nordic_nrf/nrf52/libsoc__arm__nordic_nrf__nrf52.a(soc.c.obj)
 *fill*         0x00000000000053d6        0x2 
 .rodata.pmstates_DT_N_S_cpus_S_cpu_0
                0x00000000000053d8        0x0 zephyr/libzephyr.a(state.c.obj)
 .rodata.apis   0x00000000000053d8        0x8 zephyr/libzephyr.a(nrf_cc3xx_platform_abort_zephyr.c.obj)
 .rodata.mutex_apis
                0x00000000000053e0       0x10 zephyr/libzephyr.a(nrf_cc3xx_platform_mutex_zephyr.c.obj)
 .rodata.mutexes
                0x00000000000053f0       0x14 zephyr/libzephyr.a(nrf_cc3xx_platform_mutex_zephyr.c.obj)
 .rodata.static_regions
                0x0000000000005404        0xc zephyr/arch/arch/arm/core/aarch32/mpu/libarch__arm__core__aarch32__mpu.a(arm_core_mpu.c.obj)
 .rodata.mpu_config
                0x0000000000005410        0x8 zephyr/soc/arm/common/cortex_m/libsoc__arm__common__cortex_m.a(arm_mpu_regions.c.obj)
                0x0000000000005410                mpu_config
 .rodata.mpu_regions
                0x0000000000005418       0x18 zephyr/soc/arm/common/cortex_m/libsoc__arm__common__cortex_m.a(arm_mpu_regions.c.obj)
 .rodata.clock_control_api
                0x0000000000005430       0x1c zephyr/drivers/clock_control/libdrivers__clock_control.a(clock_control_nrf.c.obj)
 .rodata.config
                0x000000000000544c       0x10 zephyr/drivers/clock_control/libdrivers__clock_control.a(clock_control_nrf.c.obj)
 .rodata.transitions.0
                0x000000000000545c        0xc zephyr/drivers/clock_control/libdrivers__clock_control.a(clock_control_nrf.c.obj)
 .rodata.gpio_nrfx_drv_api_funcs
                0x0000000000005468       0x24 zephyr/drivers/gpio/libdrivers__gpio.a(gpio_nrfx.c.obj)
 .rodata.gpio_nrfx_p0_cfg
                0x000000000000548c       0x10 zephyr/drivers/gpio/libdrivers__gpio.a(gpio_nrfx.c.obj)
 .rodata.gpio_nrfx_p1_cfg
                0x000000000000549c       0x10 zephyr/drivers/gpio/libdrivers__gpio.a(gpio_nrfx.c.obj)
 .rodata.__pinctrl_dev_config__device_dts_ord_114
                0x00000000000054ac        0xc zephyr/drivers/serial/libdrivers__serial.a(uart_nrfx_uarte.c.obj)
 .rodata.__pinctrl_dev_config__device_dts_ord_115
                0x00000000000054b8        0xc zephyr/drivers/serial/libdrivers__serial.a(uart_nrfx_uarte.c.obj)
 .rodata.__pinctrl_state_pins_0__device_dts_ord_114
                0x00000000000054c4       0x10 zephyr/drivers/serial/libdrivers__serial.a(uart_nrfx_uarte.c.obj)
 .rodata.__pinctrl_state_pins_0__device_dts_ord_115
                0x00000000000054d4        0x8 zephyr/drivers/serial/libdrivers__serial.a(uart_nrfx_uarte.c.obj)
 .rodata.__pinctrl_states__device_dts_ord_114
                0x00000000000054dc        0x8 zephyr/drivers/serial/libdrivers__serial.a(uart_nrfx_uarte.c.obj)
 .rodata.__pinctrl_states__device_dts_ord_115
                0x00000000000054e4        0x8 zephyr/drivers/serial/libdrivers__serial.a(uart_nrfx_uarte.c.obj)
 .rodata.uart_nrfx_uarte_driver_api
                0x00000000000054ec       0x14 zephyr/drivers/serial/libdrivers__serial.a(uart_nrfx_uarte.c.obj)
 .rodata.uarte_0z_config
                0x0000000000005500       0x10 zephyr/drivers/serial/libdrivers__serial.a(uart_nrfx_uarte.c.obj)
 .rodata.uarte_1z_config
                0x0000000000005510       0x10 zephyr/drivers/serial/libdrivers__serial.a(uart_nrfx_uarte.c.obj)
 .rodata.levels.0
                0x0000000000005520       0x14 zephyr/kernel/libkernel.a(device.c.obj)
 .rodata._k_neg_eagain
                0x0000000000005534        0x4 zephyr/kernel/libkernel.a(errno.c.obj)
                0x0000000000005534                _k_neg_eagain
 .rodata.CSWTCH.10
                0x0000000000005538       0x1c /opt/nordic/ncs/v2.1.2/nrfxlib/crypto/nrf_cc310_platform/lib/cortex-m4/soft-float/no-interrupts/libnrf_cc310_platform_0.9.15.a(nrf_cc3xx_platform.c.obj)
 .rodata.mutex_free.str1.4
                0x0000000000005554       0x26 /opt/nordic/ncs/v2.1.2/nrfxlib/crypto/nrf_cc310_platform/lib/cortex-m4/soft-float/no-interrupts/libnrf_cc310_platform_0.9.15.a(nrf_cc3xx_platform_mutex.c.obj)
 *fill*         0x000000000000557a        0x2 
 .rodata.mutex_init.str1.4
                0x000000000000557c       0x23 /opt/nordic/ncs/v2.1.2/nrfxlib/crypto/nrf_cc310_platform/lib/cortex-m4/soft-float/no-interrupts/libnrf_cc310_platform_0.9.15.a(nrf_cc3xx_platform_mutex.c.obj)
 *fill*         0x000000000000559f        0x1 
 .rodata.CC_PalPowerSaveModeInit.str1.4
                0x00000000000055a0       0x20 /opt/nordic/ncs/v2.1.2/nrfxlib/crypto/nrf_cc310_platform/lib/cortex-m4/soft-float/no-interrupts/libnrf_cc310_platform_0.9.15.a(cc_pal_pm.c.obj)
 .rodata.main.str1.1
                0x00000000000055c0        0x6 app/libapp.a(main.c.obj)
 .rodata.z_cbvprintf_impl.str1.1
                0x00000000000055c6        0x6 zephyr/libzephyr.a(cbprintf_complete.c.obj)
 .rodata.sys_reboot.str1.1
                0x00000000000055cc       0x29 zephyr/libzephyr.a(reboot.c.obj)
 .rodata.mutex_free_platform.str1.1
                0x00000000000055f5       0x26 zephyr/libzephyr.a(nrf_cc3xx_platform_mutex_zephyr.c.obj)
 .rodata.mutex_init_platform.str1.1
                0x000000000000561b       0x2d zephyr/libzephyr.a(nrf_cc3xx_platform_mutex_zephyr.c.obj)
 .rodata.str1.1
                0x0000000000005648        0xf zephyr/soc/arm/common/cortex_m/libsoc__arm__common__cortex_m.a(arm_mpu_regions.c.obj)
 .rodata.CSWTCH.9
                0x0000000000005657        0x6 zephyr/soc/arm/nordic_nrf/nrf52/libsoc__arm__nordic_nrf__nrf52.a(soc.c.obj)
 .rodata.str1.1
                0x000000000000565d        0xf zephyr/drivers/clock_control/libdrivers__clock_control.a(clock_control_nrf.c.obj)
 .rodata.str1.1
                0x000000000000566c       0x1c zephyr/drivers/gpio/libdrivers__gpio.a(gpio_nrfx.c.obj)
 .rodata.str1.1
                0x0000000000005688       0x1c zephyr/drivers/serial/libdrivers__serial.a(uart_nrfx_uarte.c.obj)
 .rodata.CSWTCH.14
                0x00000000000056a4        0x6 modules/hal_nordic/nrfx/libmodules__hal_nordic__nrfx.a(system_nrf52840.c.obj)
 .rodata.CSWTCH.5
                0x00000000000056aa        0x6 modules/hal_nordic/nrfx/libmodules__hal_nordic__nrfx.a(system_nrf52840.c.obj)
 .rodata._DoInit.str1.1
                0x00000000000056b0       0x14 modules/segger/libmodules__segger.a(SEGGER_RTT.c.obj)
 .rodata.z_cstart.str1.1
                0x00000000000056c4        0x5 zephyr/kernel/libkernel.a(init.c.obj)
 .rodata.boot_banner.str1.1
                0x00000000000056c9       0x36 zephyr/kernel/libkernel.a(banner.c.obj)
                                         0x37 (size before relaxing)
 *(SORT_BY_ALIGNMENT(.gnu.linkonce.r.*))
                0x0000000000005700                . = ALIGN (0x4)
 *fill*         0x00000000000056ff        0x1 
                0x0000000000005700                __rodata_region_end = .
                0x0000000000005700                . = ALIGN (_region_min_align)
                0x0000000000008000                . = ALIGN ((0x1 << ((__rodata_region_end - __rom_region_start) <= 0x4)?0x2:((__rodata_region_end - __rom_region_start) <= 0x8)?0x3:((__rodata_region_end - __rom_region_start) <= 0x10)?0x4:((__rodata_region_end - __rom_region_start) <= 0x20)?0x5:((__rodata_region_end - __rom_region_start) <= 0x40)?0x6:((__rodata_region_end - __rom_region_start) <= 0x80)?0x7:((__rodata_region_end - __rom_region_start) <= 0x100)?0x8:((__rodata_region_end - __rom_region_start) <= 0x200)?0x9:((__rodata_region_end - __rom_region_start) <= 0x400)?0xa:((__rodata_region_end - __rom_region_start) <= 0x800)?0xb:((__rodata_region_end - __rom_region_start) <= 0x1000)?0xc:((__rodata_region_end - __rom_region_start) <= 0x2000)?0xd:((__rodata_region_end - __rom_region_start) <= 0x4000)?0xe:((__rodata_region_end - __rom_region_start) <= 0x8000)?0xf:((__rodata_region_end - __rom_region_start) <= 0x10000)?0x10:((__rodata_region_end - __rom_region_start) <= 0x20000)?0x11:((__rodata_region_end - __rom_region_start) <= 0x40000)?0x12:((__rodata_region_end - __rom_region_start) <= 0x80000)?0x13:((__rodata_region_end - __rom_region_start) <= 0x100000)?0x14:((__rodata_region_end - __rom_region_start) <= 0x200000)?0x15:((__rodata_region_end - __rom_region_start) <= 0x400000)?0x16:((__rodata_region_end - __rom_region_start) <= 0x800000)?0x17:((__rodata_region_end - __rom_region_start) <= 0x1000000)?0x18:((__rodata_region_end - __rom_region_start) <= 0x2000000)?0x19:((__rodata_region_end - __rom_region_start) <= 0x4000000)?0x1a:((__rodata_region_end - __rom_region_start) <= 0x8000000)?0x1b:((__rodata_region_end - __rom_region_start) <= 0x10000000)?0x1c:((__rodata_region_end - __rom_region_start) <= 0x20000000)?0x1d:((__rodata_region_end - __rom_region_start) <= 0x40000000)?0x1e:((__rodata_region_end - __rom_region_start) <= 0x80000000)?0x1f:0x20))
                0x0000000000008000                __rom_region_end = .
                0x0000000020000000                . = 0x20000000
                0x0000000020000000                . = ALIGN (_region_min_align)
                0x0000000020000000                _image_ram_start = .

.ramfunc        0x0000000020000000        0x0 load address 0x0000000000005700
                0x0000000020000000                . = ALIGN (_region_min_align)
                0x0000000020000000                . = ALIGN ((0x1 << (__ramfunc_size <= 0x4)?0x2:(__ramfunc_size <= 0x8)?0x3:(__ramfunc_size <= 0x10)?0x4:(__ramfunc_size <= 0x20)?0x5:(__ramfunc_size <= 0x40)?0x6:(__ramfunc_size <= 0x80)?0x7:(__ramfunc_size <= 0x100)?0x8:(__ramfunc_size <= 0x200)?0x9:(__ramfunc_size <= 0x400)?0xa:(__ramfunc_size <= 0x800)?0xb:(__ramfunc_size <= 0x1000)?0xc:(__ramfunc_size <= 0x2000)?0xd:(__ramfunc_size <= 0x4000)?0xe:(__ramfunc_size <= 0x8000)?0xf:(__ramfunc_size <= 0x10000)?0x10:(__ramfunc_size <= 0x20000)?0x11:(__ramfunc_size <= 0x40000)?0x12:(__ramfunc_size <= 0x80000)?0x13:(__ramfunc_size <= 0x100000)?0x14:(__ramfunc_size <= 0x200000)?0x15:(__ramfunc_size <= 0x400000)?0x16:(__ramfunc_size <= 0x800000)?0x17:(__ramfunc_size <= 0x1000000)?0x18:(__ramfunc_size <= 0x2000000)?0x19:(__ramfunc_size <= 0x4000000)?0x1a:(__ramfunc_size <= 0x8000000)?0x1b:(__ramfunc_size <= 0x10000000)?0x1c:(__ramfunc_size <= 0x20000000)?0x1d:(__ramfunc_size <= 0x40000000)?0x1e:(__ramfunc_size <= 0x80000000)?0x1f:0x20))
                0x0000000020000000                __ramfunc_start = .
 *(SORT_BY_ALIGNMENT(.ramfunc))
 *(SORT_BY_ALIGNMENT(.ramfunc.*))
                0x0000000020000000                . = ALIGN (_region_min_align)
                0x0000000020000000                . = ALIGN ((0x1 << (__ramfunc_size <= 0x4)?0x2:(__ramfunc_size <= 0x8)?0x3:(__ramfunc_size <= 0x10)?0x4:(__ramfunc_size <= 0x20)?0x5:(__ramfunc_size <= 0x40)?0x6:(__ramfunc_size <= 0x80)?0x7:(__ramfunc_size <= 0x100)?0x8:(__ramfunc_size <= 0x200)?0x9:(__ramfunc_size <= 0x400)?0xa:(__ramfunc_size <= 0x800)?0xb:(__ramfunc_size <= 0x1000)?0xc:(__ramfunc_size <= 0x2000)?0xd:(__ramfunc_size <= 0x4000)?0xe:(__ramfunc_size <= 0x8000)?0xf:(__ramfunc_size <= 0x10000)?0x10:(__ramfunc_size <= 0x20000)?0x11:(__ramfunc_size <= 0x40000)?0x12:(__ramfunc_size <= 0x80000)?0x13:(__ramfunc_size <= 0x100000)?0x14:(__ramfunc_size <= 0x200000)?0x15:(__ramfunc_size <= 0x400000)?0x16:(__ramfunc_size <= 0x800000)?0x17:(__ramfunc_size <= 0x1000000)?0x18:(__ramfunc_size <= 0x2000000)?0x19:(__ramfunc_size <= 0x4000000)?0x1a:(__ramfunc_size <= 0x8000000)?0x1b:(__ramfunc_size <= 0x10000000)?0x1c:(__ramfunc_size <= 0x20000000)?0x1d:(__ramfunc_size <= 0x40000000)?0x1e:(__ramfunc_size <= 0x80000000)?0x1f:0x20))
                0x0000000020000000                __ramfunc_end = .
                0x0000000000000000                __ramfunc_size = (__ramfunc_end - __ramfunc_start)
                0x0000000000005700                __ramfunc_load_start = LOADADDR (.ramfunc)

datas           0x0000000020000000      0x150 load address 0x0000000000005700
                0x0000000020000000                __data_region_start = .
                0x0000000020000000                __data_start = .
 *(SORT_BY_ALIGNMENT(.data))
 *(SORT_BY_ALIGNMENT(.data.*))
 .data._char_out
                0x0000000020000000        0x4 zephyr/libzephyr.a(printk.c.obj)
                0x0000000020000000                _char_out
 .data.max_latency_ticks
                0x0000000020000004        0x4 zephyr/libzephyr.a(policy.c.obj)
 .data.asym_mutex
                0x0000000020000008        0x8 zephyr/libzephyr.a(nrf_cc3xx_platform_mutex_zephyr.c.obj)
 .data.power_mutex
                0x0000000020000010        0x8 zephyr/libzephyr.a(nrf_cc3xx_platform_mutex_zephyr.c.obj)
 .data.rng_mutex
                0x0000000020000018        0x8 zephyr/libzephyr.a(nrf_cc3xx_platform_mutex_zephyr.c.obj)
 .data.sym_mutex
                0x0000000020000020        0x8 zephyr/libzephyr.a(nrf_cc3xx_platform_mutex_zephyr.c.obj)
 .data._stdout_hook
                0x0000000020000028        0x4 zephyr/lib/libc/minimal/liblib__libc__minimal.a(stdout_console.c.obj)
 .data.uarte_0_data
                0x000000002000002c       0x1c zephyr/drivers/serial/libdrivers__serial.a(uart_nrfx_uarte.c.obj)
 .data.uarte_1_data
                0x0000000020000048       0x1c zephyr/drivers/serial/libdrivers__serial.a(uart_nrfx_uarte.c.obj)
 .data.SystemCoreClock
                0x0000000020000064        0x4 modules/hal_nordic/nrfx/libmodules__hal_nordic__nrfx.a(system_nrf52840.c.obj)
                0x0000000020000064                SystemCoreClock
 .data.m_cb     0x0000000020000068       0x7c modules/hal_nordic/nrfx/libmodules__hal_nordic__nrfx.a(nrfx_gpiote.c.obj)
 .data.m_channels_allocated
                0x00000000200000e4        0x4 modules/hal_nordic/nrfx/libmodules__hal_nordic__nrfx.a(nrfx_ppi.c.obj)
 .data.timeout_list
                0x00000000200000e8        0x8 zephyr/kernel/libkernel.a(timeout.c.obj)
 .data.platform_abort_apis
                0x00000000200000f0        0x8 /opt/nordic/ncs/v2.1.2/nrfxlib/crypto/nrf_cc310_platform/lib/cortex-m4/soft-float/no-interrupts/libnrf_cc310_platform_0.9.15.a(nrf_cc3xx_platform_abort.c.obj)
                0x00000000200000f0                platform_abort_apis
 .data.asym_mutex
                0x00000000200000f8        0x8 /opt/nordic/ncs/v2.1.2/nrfxlib/crypto/nrf_cc310_platform/lib/cortex-m4/soft-float/no-interrupts/libnrf_cc310_platform_0.9.15.a(nrf_cc3xx_platform_mutex.c.obj)
 .data.platform_mutex_apis
                0x0000000020000100       0x10 /opt/nordic/ncs/v2.1.2/nrfxlib/crypto/nrf_cc310_platform/lib/cortex-m4/soft-float/no-interrupts/libnrf_cc310_platform_0.9.15.a(nrf_cc3xx_platform_mutex.c.obj)
                0x0000000020000100                platform_mutex_apis
 .data.platform_mutexes
                0x0000000020000110       0x14 /opt/nordic/ncs/v2.1.2/nrfxlib/crypto/nrf_cc310_platform/lib/cortex-m4/soft-float/no-interrupts/libnrf_cc310_platform_0.9.15.a(nrf_cc3xx_platform_mutex.c.obj)
                0x0000000020000110                platform_mutexes
 .data.power_mutex
                0x0000000020000124        0x8 /opt/nordic/ncs/v2.1.2/nrfxlib/crypto/nrf_cc310_platform/lib/cortex-m4/soft-float/no-interrupts/libnrf_cc310_platform_0.9.15.a(nrf_cc3xx_platform_mutex.c.obj)
 .data.rng_mutex
                0x000000002000012c        0x8 /opt/nordic/ncs/v2.1.2/nrfxlib/crypto/nrf_cc310_platform/lib/cortex-m4/soft-float/no-interrupts/libnrf_cc310_platform_0.9.15.a(nrf_cc3xx_platform_mutex.c.obj)
 .data.sym_mutex
                0x0000000020000134        0x8 /opt/nordic/ncs/v2.1.2/nrfxlib/crypto/nrf_cc310_platform/lib/cortex-m4/soft-float/no-interrupts/libnrf_cc310_platform_0.9.15.a(nrf_cc3xx_platform_mutex.c.obj)
 .data.CCAsymCryptoMutex
                0x000000002000013c        0x4 /opt/nordic/ncs/v2.1.2/nrfxlib/crypto/nrf_cc310_platform/lib/cortex-m4/soft-float/no-interrupts/libnrf_cc310_platform_0.9.15.a(cc_pal.c.obj)
                0x000000002000013c                CCAsymCryptoMutex
 .data.CCPowerMutex
                0x0000000020000140        0x4 /opt/nordic/ncs/v2.1.2/nrfxlib/crypto/nrf_cc310_platform/lib/cortex-m4/soft-float/no-interrupts/libnrf_cc310_platform_0.9.15.a(cc_pal.c.obj)
                0x0000000020000140                CCPowerMutex
 .data.CCRndCryptoMutex
                0x0000000020000144        0x4 /opt/nordic/ncs/v2.1.2/nrfxlib/crypto/nrf_cc310_platform/lib/cortex-m4/soft-float/no-interrupts/libnrf_cc310_platform_0.9.15.a(cc_pal.c.obj)
                0x0000000020000144                CCRndCryptoMutex
 .data.CCSymCryptoMutex
                0x0000000020000148        0x4 /opt/nordic/ncs/v2.1.2/nrfxlib/crypto/nrf_cc310_platform/lib/cortex-m4/soft-float/no-interrupts/libnrf_cc310_platform_0.9.15.a(cc_pal.c.obj)
                0x0000000020000148                CCSymCryptoMutex
 .data.pCCRndCryptoMutex
                0x000000002000014c        0x4 /opt/nordic/ncs/v2.1.2/nrfxlib/crypto/nrf_cc310_platform/lib/cortex-m4/soft-float/no-interrupts/libnrf_cc310_platform_0.9.15.a(cc_pal.c.obj)
                0x000000002000014c                pCCRndCryptoMutex
 *(SORT_BY_ALIGNMENT(.kernel.*))
                0x0000000020000150                __data_end = .
                0x0000000000000150                __data_size = (__data_end - __data_start)
                0x0000000000005700                __data_load_start = LOADADDR (datas)
                0x0000000000005700                __data_region_load_start = LOADADDR (datas)

device_states   0x0000000020000150       0x14 load address 0x0000000000005850
                0x0000000020000150                __device_states_start = .
 *(SORT_BY_ALIGNMENT(.z_devstate))
 .z_devstate    0x0000000020000150        0x4 zephyr/drivers/clock_control/libdrivers__clock_control.a(clock_control_nrf.c.obj)
 .z_devstate    0x0000000020000154        0x8 zephyr/drivers/gpio/libdrivers__gpio.a(gpio_nrfx.c.obj)
 .z_devstate    0x000000002000015c        0x8 zephyr/drivers/serial/libdrivers__serial.a(uart_nrfx_uarte.c.obj)
 *(SORT_BY_ALIGNMENT(.z_devstate.*))
                0x0000000020000164                __device_states_end = .

initshell       0x0000000020000164        0x0 load address 0x0000000000005864
                0x0000000020000164                __shell_module_start = .
 *(SORT_BY_ALIGNMENT(.shell_module_*))
                0x0000000020000164                __shell_module_end = .
                0x0000000020000164                __shell_cmd_start = .
 *(SORT_BY_ALIGNMENT(.shell_cmd_*))
                0x0000000020000164                __shell_cmd_end = .

log_dynamic_sections
                0x0000000020000164        0x0 load address 0x0000000000005864
                0x0000000020000164                __log_dynamic_start = .
 *(SORT_BY_NAME(SORT_BY_ALIGNMENT(.log_dynamic_*)))
                0x0000000020000164                __log_dynamic_end = .

_static_thread_data_area
                0x0000000020000164        0x0 load address 0x0000000000005864
                0x0000000020000164                __static_thread_data_list_start = .
 *(SORT_BY_NAME(SORT_BY_ALIGNMENT(.__static_thread_data.static.*)))
                0x0000000020000164                __static_thread_data_list_end = .

k_timer_area    0x0000000020000164        0x0 load address 0x0000000000005864
                0x0000000020000164                _k_timer_list_start = .
 *(SORT_BY_NAME(SORT_BY_ALIGNMENT(._k_timer.static.*)))
                0x0000000020000164                _k_timer_list_end = .

k_mem_slab_area
                0x0000000020000164        0x0 load address 0x0000000000005864
                0x0000000020000164                _k_mem_slab_list_start = .
 *(SORT_BY_NAME(SORT_BY_ALIGNMENT(._k_mem_slab.static.*)))
                0x0000000020000164                _k_mem_slab_list_end = .

k_mem_pool_area
                0x0000000020000164        0x0 load address 0x0000000000005864
                0x0000000020000164                _k_mem_pool_list_start = .
 *(SORT_BY_NAME(SORT_BY_ALIGNMENT(._k_mem_pool.static.*)))
                0x0000000020000164                _k_mem_pool_list_end = .

k_heap_area     0x0000000020000164        0x0 load address 0x0000000000005864
                0x0000000020000164                _k_heap_list_start = .
 *(SORT_BY_NAME(SORT_BY_ALIGNMENT(._k_heap.static.*)))
                0x0000000020000164                _k_heap_list_end = .

k_mutex_area    0x0000000020000164       0x50 load address 0x0000000000005864
                0x0000000020000164                _k_mutex_list_start = .
 *(SORT_BY_NAME(SORT_BY_ALIGNMENT(._k_mutex.static.*)))
 ._k_mutex.static.asym_mutex_int
                0x0000000020000164       0x14 zephyr/libzephyr.a(nrf_cc3xx_platform_mutex_zephyr.c.obj)
                0x0000000020000164                asym_mutex_int
 ._k_mutex.static.power_mutex_int
                0x0000000020000178       0x14 zephyr/libzephyr.a(nrf_cc3xx_platform_mutex_zephyr.c.obj)
                0x0000000020000178                power_mutex_int
 ._k_mutex.static.rng_mutex_int
                0x000000002000018c       0x14 zephyr/libzephyr.a(nrf_cc3xx_platform_mutex_zephyr.c.obj)
                0x000000002000018c                rng_mutex_int
 ._k_mutex.static.sym_mutex_int
                0x00000000200001a0       0x14 zephyr/libzephyr.a(nrf_cc3xx_platform_mutex_zephyr.c.obj)
                0x00000000200001a0                sym_mutex_int
                0x00000000200001b4                _k_mutex_list_end = .

k_stack_area    0x00000000200001b4        0x0 load address 0x00000000000058b4
                0x00000000200001b4                _k_stack_list_start = .
 *(SORT_BY_NAME(SORT_BY_ALIGNMENT(._k_stack.static.*)))
                0x00000000200001b4                _k_stack_list_end = .

k_msgq_area     0x00000000200001b4        0x0 load address 0x00000000000058b4
                0x00000000200001b4                _k_msgq_list_start = .
 *(SORT_BY_NAME(SORT_BY_ALIGNMENT(._k_msgq.static.*)))
                0x00000000200001b4                _k_msgq_list_end = .

k_mbox_area     0x00000000200001b4        0x0 load address 0x00000000000058b4
                0x00000000200001b4                _k_mbox_list_start = .
 *(SORT_BY_NAME(SORT_BY_ALIGNMENT(._k_mbox.static.*)))
                0x00000000200001b4                _k_mbox_list_end = .

k_pipe_area     0x00000000200001b4        0x0 load address 0x00000000000058b4
                0x00000000200001b4                _k_pipe_list_start = .
 *(SORT_BY_NAME(SORT_BY_ALIGNMENT(._k_pipe.static.*)))
                0x00000000200001b4                _k_pipe_list_end = .

k_sem_area      0x00000000200001b4        0x0 load address 0x00000000000058b4
                0x00000000200001b4                _k_sem_list_start = .
 *(SORT_BY_NAME(SORT_BY_ALIGNMENT(._k_sem.static.*)))
                0x00000000200001b4                _k_sem_list_end = .

k_event_area    0x00000000200001b4        0x0 load address 0x00000000000058b4
                0x00000000200001b4                _k_event_list_start = .
 *(SORT_BY_NAME(SORT_BY_ALIGNMENT(._k_event.static.*)))
                0x00000000200001b4                _k_event_list_end = .

k_queue_area    0x00000000200001b4        0x0 load address 0x00000000000058b4
                0x00000000200001b4                _k_queue_list_start = .
 *(SORT_BY_NAME(SORT_BY_ALIGNMENT(._k_queue.static.*)))
                0x00000000200001b4                _k_queue_list_end = .

k_condvar_area  0x00000000200001b4        0x0 load address 0x00000000000058b4
                0x00000000200001b4                _k_condvar_list_start = .
 *(SORT_BY_NAME(SORT_BY_ALIGNMENT(._k_condvar.static.*)))
                0x00000000200001b4                _k_condvar_list_end = .

_net_buf_pool_area
                0x00000000200001b4        0x0 load address 0x00000000000058b4
                0x00000000200001b4                _net_buf_pool_list = .
 *(SORT_BY_NAME(SORT_BY_ALIGNMENT(._net_buf_pool.static.*)))
                0x00000000200001b4                __data_region_end = .

bss             0x00000000200001b8      0xdda
                0x00000000200001b8                . = ALIGN (0x4)
                0x00000000200001b8                __bss_start = .
                0x00000000200001b8                __kernel_ram_start = .
 *(SORT_BY_ALIGNMENT(.bss))
 *(SORT_BY_ALIGNMENT(.bss.*))
 .bss.anchor    0x00000000200001b8        0x8 zephyr/drivers/timer/libdrivers__timer.a(nrf_rtc_timer.c.obj)
 .bss.cc_data   0x00000000200001c0       0x10 zephyr/drivers/timer/libdrivers__timer.a(nrf_rtc_timer.c.obj)
 .bss.last_count
                0x00000000200001d0        0x8 zephyr/drivers/timer/libdrivers__timer.a(nrf_rtc_timer.c.obj)
 .bss.z_idle_threads
                0x00000000200001d8       0x80 zephyr/kernel/libkernel.a(init.c.obj)
                0x00000000200001d8                z_idle_threads
 .bss.z_main_thread
                0x0000000020000258       0x80 zephyr/kernel/libkernel.a(init.c.obj)
                0x0000000020000258                z_main_thread
 .bss.curr_tick
                0x00000000200002d8        0x8 zephyr/kernel/libkernel.a(timeout.c.obj)
 .bss.pm_notifiers
                0x00000000200002e0        0x8 zephyr/libzephyr.a(pm.c.obj)
 .bss.z_cpus_pm_forced_state
                0x00000000200002e8        0xc zephyr/libzephyr.a(pm.c.obj)
 .bss.z_cpus_pm_state
                0x00000000200002f4        0xc zephyr/libzephyr.a(pm.c.obj)
 .bss.z_post_ops_required
                0x0000000020000300        0x4 zephyr/libzephyr.a(pm.c.obj)
 .bss.mutex_slab
                0x0000000020000304       0x1c zephyr/libzephyr.a(nrf_cc3xx_platform_mutex_zephyr.c.obj)
                0x0000000020000304                mutex_slab
 .bss.mutex_slab_buffer
                0x0000000020000320      0x500 zephyr/libzephyr.a(nrf_cc3xx_platform_mutex_zephyr.c.obj)
                0x0000000020000320                mutex_slab_buffer
 .bss.dynamic_regions.0
                0x0000000020000820        0xc zephyr/arch/arch/arm/core/aarch32/mpu/libarch__arm__core__aarch32__mpu.a(arm_core_mpu.c.obj)
 .bss.cli.1     0x000000002000082c       0x10 zephyr/drivers/clock_control/libdrivers__clock_control.a(clock_control_nrf.c.obj)
 .bss.data      0x000000002000083c       0x50 zephyr/drivers/clock_control/libdrivers__clock_control.a(clock_control_nrf.c.obj)
 .bss.hfclk_users
                0x000000002000088c        0x4 zephyr/drivers/clock_control/libdrivers__clock_control.a(clock_control_nrf.c.obj)
 .bss.on.2      0x0000000020000890        0x4 zephyr/drivers/clock_control/libdrivers__clock_control.a(clock_control_nrf.c.obj)
 .bss.uart_console_dev
                0x0000000020000894        0x4 zephyr/drivers/console/libdrivers__console.a(uart_console.c.obj)
 .bss.gpio_nrfx_p0_data
                0x0000000020000898        0xc zephyr/drivers/gpio/libdrivers__gpio.a(gpio_nrfx.c.obj)
 .bss.gpio_nrfx_p1_data
                0x00000000200008a4        0xc zephyr/drivers/gpio/libdrivers__gpio.a(gpio_nrfx.c.obj)
 .bss.force_isr_mask
                0x00000000200008b0        0x4 zephyr/drivers/timer/libdrivers__timer.a(nrf_rtc_timer.c.obj)
 .bss.int_mask  0x00000000200008b4        0x4 zephyr/drivers/timer/libdrivers__timer.a(nrf_rtc_timer.c.obj)
 .bss.overflow_cnt
                0x00000000200008b8        0x4 zephyr/drivers/timer/libdrivers__timer.a(nrf_rtc_timer.c.obj)
 .bss.m_clock_cb
                0x00000000200008bc        0x8 modules/hal_nordic/nrfx/libmodules__hal_nordic__nrfx.a(nrfx_clock.c.obj)
 .bss._SEGGER_RTT
                0x00000000200008c4       0xa8 modules/segger/libmodules__segger.a(SEGGER_RTT.c.obj)
                0x00000000200008c4                _SEGGER_RTT
 .bss._kernel   0x000000002000096c       0x28 zephyr/kernel/libkernel.a(init.c.obj)
                0x000000002000096c                _kernel
 .bss.pending_current
                0x0000000020000994        0x4 zephyr/kernel/libkernel.a(sched.c.obj)
 .bss.slice_max_prio
                0x0000000020000998        0x4 zephyr/kernel/libkernel.a(sched.c.obj)
 .bss.slice_ticks
                0x000000002000099c        0x4 zephyr/kernel/libkernel.a(sched.c.obj)
 .bss.announce_remaining
                0x00000000200009a0        0x4 zephyr/kernel/libkernel.a(timeout.c.obj)
 .bss.nrf_cc3xx_platform_initialized
                0x00000000200009a4        0x4 /opt/nordic/ncs/v2.1.2/nrfxlib/crypto/nrf_cc310_platform/lib/cortex-m4/soft-float/no-interrupts/libnrf_cc310_platform_0.9.15.a(nrf_cc3xx_platform.c.obj)
 .bss.asym_mutex_int
                0x00000000200009a8        0x4 /opt/nordic/ncs/v2.1.2/nrfxlib/crypto/nrf_cc310_platform/lib/cortex-m4/soft-float/no-interrupts/libnrf_cc310_platform_0.9.15.a(nrf_cc3xx_platform_mutex.c.obj)
 .bss.power_mutex_int
                0x00000000200009ac        0x4 /opt/nordic/ncs/v2.1.2/nrfxlib/crypto/nrf_cc310_platform/lib/cortex-m4/soft-float/no-interrupts/libnrf_cc310_platform_0.9.15.a(nrf_cc3xx_platform_mutex.c.obj)
 .bss.rng_mutex_int
                0x00000000200009b0        0x4 /opt/nordic/ncs/v2.1.2/nrfxlib/crypto/nrf_cc310_platform/lib/cortex-m4/soft-float/no-interrupts/libnrf_cc310_platform_0.9.15.a(nrf_cc3xx_platform_mutex.c.obj)
 .bss.sym_mutex_int
                0x00000000200009b4        0x4 /opt/nordic/ncs/v2.1.2/nrfxlib/crypto/nrf_cc310_platform/lib/cortex-m4/soft-float/no-interrupts/libnrf_cc310_platform_0.9.15.a(nrf_cc3xx_platform_mutex.c.obj)
 .bss.use_count
                0x00000000200009b8        0x4 /opt/nordic/ncs/v2.1.2/nrfxlib/crypto/nrf_cc310_platform/lib/cortex-m4/soft-float/no-interrupts/libnrf_cc310_platform_0.9.15.a(cc_pal_pm.c.obj)
 .bss.nrf_cc3xx_platform_ctr_drbg_global_ctx
                0x00000000200009bc      0x1c0 /opt/nordic/ncs/v2.1.2/nrfxlib/crypto/nrf_cc310_platform/lib/cortex-m4/soft-float/no-interrupts/libnrf_cc310_platform_0.9.15.a(nrf_cc3xx_platform_ctr_drbg.c.obj)
                0x00000000200009bc                nrf_cc3xx_platform_ctr_drbg_global_ctx
 .bss.static_regions_num